Archive member included to satisfy reference by file (symbol)

C:\Users\Nikolina\Desktop\LIGHT_RANGER_3_STM32FF7\STemWinLib\Lib\libSTemWin532_CM7_GCC.a(WINDOW.o)
                              Src/Windows/LightRangDLG.o (WINDOW_CreateIndirect)
C:\Users\Nikolina\Desktop\LIGHT_RANGER_3_STM32FF7\STemWinLib\Lib\libSTemWin532_CM7_GCC.a(WIDGET.o)
                              C:\Users\Nikolina\Desktop\LIGHT_RANGER_3_STM32FF7\STemWinLib\Lib\libSTemWin532_CM7_GCC.a(WINDOW.o) (WIDGET_OrState)
C:\Users\Nikolina\Desktop\LIGHT_RANGER_3_STM32FF7\STemWinLib\Lib\libSTemWin532_CM7_GCC.a(TEXT_SetTextColor.o)
                              Src/Windows/LightRangDLG.o (TEXT_SetTextColor)
C:\Users\Nikolina\Desktop\LIGHT_RANGER_3_STM32FF7\STemWinLib\Lib\libSTemWin532_CM7_GCC.a(TEXT_SetTextAlign.o)
                              Src/Windows/LightRangDLG.o (TEXT_SetTextAlign)
C:\Users\Nikolina\Desktop\LIGHT_RANGER_3_STM32FF7\STemWinLib\Lib\libSTemWin532_CM7_GCC.a(TEXT_SetText.o)
                              Src/main.o (TEXT_SetText)
C:\Users\Nikolina\Desktop\LIGHT_RANGER_3_STM32FF7\STemWinLib\Lib\libSTemWin532_CM7_GCC.a(TEXT_SetFont.o)
                              Src/Windows/LightRangDLG.o (TEXT_SetFont)
C:\Users\Nikolina\Desktop\LIGHT_RANGER_3_STM32FF7\STemWinLib\Lib\libSTemWin532_CM7_GCC.a(TEXT_CreateIndirect.o)
                              Src/Windows/LightRangDLG.o (TEXT_CreateIndirect)
C:\Users\Nikolina\Desktop\LIGHT_RANGER_3_STM32FF7\STemWinLib\Lib\libSTemWin532_CM7_GCC.a(TEXT.o)
                              C:\Users\Nikolina\Desktop\LIGHT_RANGER_3_STM32FF7\STemWinLib\Lib\libSTemWin532_CM7_GCC.a(TEXT_CreateIndirect.o) (TEXT_CreateUser)
C:\Users\Nikolina\Desktop\LIGHT_RANGER_3_STM32FF7\STemWinLib\Lib\libSTemWin532_CM7_GCC.a(PROGBAR_SetMinMax.o)
                              Src/main.o (PROGBAR_SetMinMax)
C:\Users\Nikolina\Desktop\LIGHT_RANGER_3_STM32FF7\STemWinLib\Lib\libSTemWin532_CM7_GCC.a(PROGBAR_SetFont.o)
                              Src/Windows/LightRangDLG.o (PROGBAR_SetFont)
C:\Users\Nikolina\Desktop\LIGHT_RANGER_3_STM32FF7\STemWinLib\Lib\libSTemWin532_CM7_GCC.a(PROGBAR_SetBarColor.o)
                              Src/main.o (PROGBAR_SetBarColor)
C:\Users\Nikolina\Desktop\LIGHT_RANGER_3_STM32FF7\STemWinLib\Lib\libSTemWin532_CM7_GCC.a(PROGBAR_CreateIndirect.o)
                              Src/Windows/LightRangDLG.o (PROGBAR_CreateIndirect)
C:\Users\Nikolina\Desktop\LIGHT_RANGER_3_STM32FF7\STemWinLib\Lib\libSTemWin532_CM7_GCC.a(PROGBAR.o)
                              C:\Users\Nikolina\Desktop\LIGHT_RANGER_3_STM32FF7\STemWinLib\Lib\libSTemWin532_CM7_GCC.a(PROGBAR_CreateIndirect.o) (PROGBAR_CreateUser)
C:\Users\Nikolina\Desktop\LIGHT_RANGER_3_STM32FF7\STemWinLib\Lib\libSTemWin532_CM7_GCC.a(IMAGE_BMP.o)
                              Src/Windows/LightRangDLG.o (IMAGE_SetBMP)
C:\Users\Nikolina\Desktop\LIGHT_RANGER_3_STM32FF7\STemWinLib\Lib\libSTemWin532_CM7_GCC.a(IMAGE.o)
                              C:\Users\Nikolina\Desktop\LIGHT_RANGER_3_STM32FF7\STemWinLib\Lib\libSTemWin532_CM7_GCC.a(IMAGE_BMP.o) (IMAGE__FreeAttached)
C:\Users\Nikolina\Desktop\LIGHT_RANGER_3_STM32FF7\STemWinLib\Lib\libSTemWin532_CM7_GCC.a(EDIT_CreateIndirect.o)
                              Src/Windows/LightRangDLG.o (EDIT_CreateIndirect)
C:\Users\Nikolina\Desktop\LIGHT_RANGER_3_STM32FF7\STemWinLib\Lib\libSTemWin532_CM7_GCC.a(EDIT.o)
                              C:\Users\Nikolina\Desktop\LIGHT_RANGER_3_STM32FF7\STemWinLib\Lib\libSTemWin532_CM7_GCC.a(EDIT_CreateIndirect.o) (EDIT_CreateUser)
C:\Users\Nikolina\Desktop\LIGHT_RANGER_3_STM32FF7\STemWinLib\Lib\libSTemWin532_CM7_GCC.a(DIALOG.o)
                              C:\Users\Nikolina\Desktop\LIGHT_RANGER_3_STM32FF7\STemWinLib\Lib\libSTemWin532_CM7_GCC.a(WIDGET.o) (DIALOG_GetBkColor)
C:\Users\Nikolina\Desktop\LIGHT_RANGER_3_STM32FF7\STemWinLib\Lib\libSTemWin532_CM7_GCC.a(BUTTON_CreateIndirect.o)
                              Src/Windows/LightRangDLG.o (BUTTON_CreateIndirect)
C:\Users\Nikolina\Desktop\LIGHT_RANGER_3_STM32FF7\STemWinLib\Lib\libSTemWin532_CM7_GCC.a(BUTTON.o)
                              C:\Users\Nikolina\Desktop\LIGHT_RANGER_3_STM32FF7\STemWinLib\Lib\libSTemWin532_CM7_GCC.a(BUTTON_CreateIndirect.o) (BUTTON_CreateUser)
C:\Users\Nikolina\Desktop\LIGHT_RANGER_3_STM32FF7\STemWinLib\Lib\libSTemWin532_CM7_GCC.a(WM__UpdateChildPositions.o)
                              C:\Users\Nikolina\Desktop\LIGHT_RANGER_3_STM32FF7\STemWinLib\Lib\libSTemWin532_CM7_GCC.a(WIDGET.o) (WM__UpdateChildPositions)
C:\Users\Nikolina\Desktop\LIGHT_RANGER_3_STM32FF7\STemWinLib\Lib\libSTemWin532_CM7_GCC.a(WM__Screen2Client.o)
                              C:\Users\Nikolina\Desktop\LIGHT_RANGER_3_STM32FF7\STemWinLib\Lib\libSTemWin532_CM7_GCC.a(WIDGET.o) (WM__Screen2Client)
C:\Users\Nikolina\Desktop\LIGHT_RANGER_3_STM32FF7\STemWinLib\Lib\libSTemWin532_CM7_GCC.a(WM__IsEnabled.o)
[...]
Memory Configuration

Name             Origin             Length             Attributes
RAM              0x20000000         0x00050000         xrw
FLASH            0x08000000         0x00100000         xr
*default*        0x00000000         0xffffffff

Linker script and memory map

LOAD c:/ac6/systemworkbench/plugins/fr.ac6.mcu.externaltools.arm-none.win32_1.16.0.201807130628/tools/compiler/bin/../lib/gcc/arm-none-eabi/7.2.1/thumb/v7e-m/fpv4-sp/hard/crti.o
LOAD c:/ac6/systemworkbench/plugins/fr.ac6.mcu.externaltools.arm-none.win32_1.16.0.201807130628/tools/compiler/bin/../lib/gcc/arm-none-eabi/7.2.1/thumb/v7e-m/fpv4-sp/hard/crtbegin.o
LOAD c:/ac6/systemworkbench/plugins/fr.ac6.mcu.externaltools.arm-none.win32_1.16.0.201807130628/tools/compiler/bin/../lib/gcc/arm-none-eabi/7.2.1/../../../../arm-none-eabi/lib/thumb/v7e-m/fpv4-sp/hard/crt0.o
LOAD Drivers/Hardware/Src/SSD1963.o
LOAD Drivers/Hardware/Src/STMPE610.o
LOAD Drivers/STM32F7xx_HAL_Driver/Src/stm32f7xx_hal.o
LOAD Drivers/STM32F7xx_HAL_Driver/Src/stm32f7xx_hal_cortex.o
LOAD Drivers/STM32F7xx_HAL_Driver/Src/stm32f7xx_hal_dma.o
LOAD Drivers/STM32F7xx_HAL_Driver/Src/stm32f7xx_hal_dma_ex.o
LOAD Drivers/STM32F7xx_HAL_Driver/Src/stm32f7xx_hal_flash.o
LOAD Drivers/STM32F7xx_HAL_Driver/Src/stm32f7xx_hal_flash_ex.o
LOAD Drivers/STM32F7xx_HAL_Driver/Src/stm32f7xx_hal_gpio.o
LOAD Drivers/STM32F7xx_HAL_Driver/Src/stm32f7xx_hal_i2c.o
LOAD Drivers/STM32F7xx_HAL_Driver/Src/stm32f7xx_hal_i2c_ex.o
LOAD Drivers/STM32F7xx_HAL_Driver/Src/stm32f7xx_hal_pwr.o
LOAD Drivers/STM32F7xx_HAL_Driver/Src/stm32f7xx_hal_pwr_ex.o
LOAD Drivers/STM32F7xx_HAL_Driver/Src/stm32f7xx_hal_rcc.o
LOAD Drivers/STM32F7xx_HAL_Driver/Src/stm32f7xx_hal_rcc_ex.o
LOAD Drivers/STM32F7xx_HAL_Driver/Src/stm32f7xx_hal_tim.o
LOAD Drivers/STM32F7xx_HAL_Driver/Src/stm32f7xx_hal_tim_ex.o
LOAD Src/GUIConf.o
LOAD Src/GUI_X.o
LOAD Src/LCDConf.o
LOAD Src/main.o
LOAD Src/rfd.o
LOAD Src/stm32f7xx_hal_msp.o
LOAD Src/stm32f7xx_it.o
LOAD Src/system_stm32f7xx.o
LOAD Src/Windows/LightRangDLG.o
LOAD startup/startup_stm32f746xx.o
LOAD C:\Users\Nikolina\Desktop\LIGHT_RANGER_3_STM32FF7\STemWinLib\Lib\libSTemWin532_CM7_GCC.a
LOAD c:/ac6/systemworkbench/plugins/fr.ac6.mcu.externaltools.arm-none.win32_1.16.0.201807130628/tools/compiler/bin/../lib/gcc/arm-none-eabi/7.2.1/../../../../arm-none-eabi/lib/thumb/v7e-m/fpv4-sp/hard\libm.a
START GROUP
LOAD c:/ac6/systemworkbench/plugins/fr.ac6.mcu.externaltools.arm-none.win32_1.16.0.201807130628/tools/compiler/bin/../lib/gcc/arm-none-eabi/7.2.1/thumb/v7e-m/fpv4-sp/hard\libgcc.a
LOAD c:/ac6/systemworkbench/plugins/fr.ac6.mcu.externaltools.arm-none.win32_1.16.0.201807130628/tools/compiler/bin/../lib/gcc/arm-none-eabi/7.2.1/../../../../arm-none-eabi/lib/thumb/v7e-m/fpv4-sp/hard\libc_nano.a
END GROUP
START GROUP
LOAD c:/ac6/systemworkbench/plugins/fr.ac6.mcu.externaltools.arm-none.win32_1.16.0.201807130628/tools/compiler/bin/../lib/gcc/arm-none-eabi/7.2.1/thumb/v7e-m/fpv4-sp/hard\libgcc.a
LOAD c:/ac6/systemworkbench/plugins/fr.ac6.mcu.externaltools.arm-none.win32_1.16.0.201807130628/tools/compiler/bin/../lib/gcc/arm-none-eabi/7.2.1/../../../../arm-none-eabi/lib/thumb/v7e-m/fpv4-sp/hard\libc_nano.a
LOAD c:/ac6/systemworkbench/plugins/fr.ac6.mcu.externaltools.arm-none.win32_1.16.0.201807130628/tools/compiler/bin/../lib/gcc/arm-none-eabi/7.2.1/../../../../arm-none-eabi/lib/thumb/v7e-m/fpv4-sp/hard\libnosys.a
END GROUP
START GROUP
LOAD c:/ac6/systemworkbench/plugins/fr.ac6.mcu.externaltools.arm-none.win32_1.16.0.201807130628/tools/compiler/bin/../lib/gcc/arm-none-eabi/7.2.1/thumb/v7e-m/fpv4-sp/hard\libgcc.a
LOAD c:/ac6/systemworkbench/plugins/fr.ac6.mcu.externaltools.arm-none.win32_1.16.0.201807130628/tools/compiler/bin/../lib/gcc/arm-none-eabi/7.2.1/../../../../arm-none-eabi/lib/thumb/v7e-m/fpv4-sp/hard\libc_nano.a
LOAD c:/ac6/systemworkbench/plugins/fr.ac6.mcu.externaltools.arm-none.win32_1.16.0.201807130628/tools/compiler/bin/../lib/gcc/arm-none-eabi/7.2.1/../../../../arm-none-eabi/lib/thumb/v7e-m/fpv4-sp/hard\libnosys.a
END GROUP
LOAD c:/ac6/systemworkbench/plugins/fr.ac6.mcu.externaltools.arm-none.win32_1.16.0.201807130628/tools/compiler/bin/../lib/gcc/arm-none-eabi/7.2.1/thumb/v7e-m/fpv4-sp/hard/crtend.o
LOAD c:/ac6/systemworkbench/plugins/fr.ac6.mcu.externaltools.arm-none.win32_1.16.0.201807130628/tools/compiler/bin/../lib/gcc/arm-none-eabi/7.2.1/thumb/v7e-m/fpv4-sp/hard/crtn.o
                0x20050000                _estack = 0x20050000
                0x00000200                _Min_Heap_Size = 0x200
                0x00000400                _Min_Stack_Size = 0x400

.isr_vector     0x08000000      0x1c8
                0x08000000                . = ALIGN (0x4)
 *(.isr_vector)
 .isr_vector    0x08000000      0x1c8 startup/startup_stm32f746xx.o
                0x08000000                g_pfnVectors
                0x080001c8                . = ALIGN (0x4)

.text           0x080001d0    0x11764
                0x080001d0                . = ALIGN (0x4)
 *(.text)
 .text          0x080001d0       0x40 c:/ac6/systemworkbench/plugins/fr.ac6.mcu.externaltools.arm-none.win32_1.16.0.201807130628/tools/compiler/bin/../lib/gcc/arm-none-eabi/7.2.1/thumb/v7e-m/fpv4-sp/hard/crtbegin.o
 .text          0x08000210      0x378 c:/ac6/systemworkbench/plugins/fr.ac6.mcu.externaltools.arm-none.win32_1.16.0.201807130628/tools/compiler/bin/../lib/gcc/arm-none-eabi/7.2.1/thumb/v7e-m/fpv4-sp/hard\libgcc.a(_arm_addsubdf3.o)
                0x08000210                __aeabi_drsub
                0x08000218                __aeabi_dsub
                0x08000218                __subdf3
                0x0800021c                __aeabi_dadd
                0x0800021c                __adddf3
                0x08000494                __floatunsidf
                0x08000494                __aeabi_ui2d
                0x080004b4                __floatsidf
                0x080004b4                __aeabi_i2d
                0x080004d8                __aeabi_f2d
                0x080004d8                __extendsfdf2
                0x0800051c                __floatundidf
                0x0800051c                __aeabi_ul2d
                0x0800052c                __floatdidf
                0x0800052c                __aeabi_l2d
 .text          0x08000588       0x50 c:/ac6/systemworkbench/plugins/fr.ac6.mcu.externaltools.arm-none.win32_1.16.0.201807130628/tools/compiler/bin/../lib/gcc/arm-none-eabi/7.2.1/thumb/v7e-m/fpv4-sp/hard\libgcc.a(_arm_fixdfsi.o)
                0x08000588                __aeabi_d2iz
                0x08000588                __fixdfsi
 .text          0x080005d8       0x30 c:/ac6/systemworkbench/plugins/fr.ac6.mcu.externaltools.arm-none.win32_1.16.0.201807130628/tools/compiler/bin/../lib/gcc/arm-none-eabi/7.2.1/thumb/v7e-m/fpv4-sp/hard\libgcc.a(_aeabi_uldivmod.o)
                0x080005d8                __aeabi_uldivmod
 .text          0x08000608      0x2cc c:/ac6/systemworkbench/plugins/fr.ac6.mcu.externaltools.arm-none.win32_1.16.0.201807130628/tools/compiler/bin/../lib/gcc/arm-none-eabi/7.2.1/thumb/v7e-m/fpv4-sp/hard\libgcc.a(_udivmoddi4.o)
                0x08000608                __udivmoddi4
 .text          0x080008d4        0x4 c:/ac6/systemworkbench/plugins/fr.ac6.mcu.externaltools.arm-none.win32_1.16.0.201807130628/tools/compiler/bin/../lib/gcc/arm-none-eabi/7.2.1/thumb/v7e-m/fpv4-sp/hard\libgcc.a(_dvmd_tls.o)
                0x080008d4                __aeabi_idiv0
                0x080008d4                __aeabi_ldiv0
 .text          0x080008d8       0x10 c:/ac6/systemworkbench/plugins/fr.ac6.mcu.externaltools.arm-none.win32_1.16.0.201807130628/tools/compiler/bin/../lib/gcc/arm-none-eabi/7.2.1/../../../../arm-none-eabi/lib/thumb/v7e-m/fpv4-sp/hard\libc_nano.a(lib_a-strlen.o)
                0x080008d8                strlen
 *fill*         0x080008e8        0x8 
 .text          0x080008f0       0xa0 c:/ac6/systemworkbench/plugins/fr.ac6.mcu.externaltools.arm-none.win32_1.16.0.201807130628/tools/compiler/bin/../lib/gcc/arm-none-eabi/7.2.1/../../../../arm-none-eabi/lib/thumb/v7e-m/fpv4-sp/hard\libc_nano.a(lib_a-memchr.o)
                0x080008f0                memchr
 *(.text*)
 .text.Init_LCD_GPIO
                0x08000990       0xf0 Drivers/Hardware/Src/SSD1963.o
                0x08000990                Init_LCD_GPIO
 .text.SSD1963_WriteCommand
                0x08000a80       0x58 Drivers/Hardware/Src/SSD1963.o
                0x08000a80                SSD1963_WriteCommand
 .text.SSD1963_WriteData
                0x08000ad8       0x58 Drivers/Hardware/Src/SSD1963.o
                0x08000ad8                SSD1963_WriteData
 .text.SSD1963_WriteDataMultiple
                0x08000b30       0x18 Drivers/Hardware/Src/SSD1963.o
                0x08000b30                SSD1963_WriteDataMultiple
 .text.SSD1963_Init
                0x08000b48      0x158 Drivers/Hardware/Src/SSD1963.o
                0x08000b48                SSD1963_Init
 .text.Init_TOUCH_GPIO
                0x08000ca0       0x24 Drivers/Hardware/Src/STMPE610.o
                0x08000ca0                Init_TOUCH_GPIO
 .text.STMPE610_Write
                0x08000cc4       0x2c Drivers/Hardware/Src/STMPE610.o
                0x08000cc4                STMPE610_Write
 .text.STMPE610_ReadByte
                0x08000cf0       0x4c Drivers/Hardware/Src/STMPE610.o
                0x08000cf0                STMPE610_ReadByte
 .text.STMPE610_ReadWord
                0x08000d3c       0x58 Drivers/Hardware/Src/STMPE610.o
                0x08000d3c                STMPE610_ReadWord
 .text.STMPE610_Init
                0x08000d94       0x90 Drivers/Hardware/Src/STMPE610.o
                0x08000d94                STMPE610_Init
 .text.STMPE610_read_xyz
                0x08000e24       0x70 Drivers/Hardware/Src/STMPE610.o
                0x08000e24                STMPE610_read_xyz
 .text.STMPE610_GetX_TOUCH_RAW
                0x08000e94        0xc Drivers/Hardware/Src/STMPE610.o
                0x08000e94                STMPE610_GetX_TOUCH_RAW
 .text.STMPE610_GetY_TOUCH_RAW
                0x08000ea0        0xc Drivers/Hardware/Src/STMPE610.o
                0x08000ea0                STMPE610_GetY_TOUCH_RAW
 .text.HAL_InitTick
                0x08000eac       0x48 Drivers/STM32F7xx_HAL_Driver/Src/stm32f7xx_hal.o
                0x08000eac                HAL_InitTick
 .text.HAL_Init
                0x08000ef4       0x16 Drivers/STM32F7xx_HAL_Driver/Src/stm32f7xx_hal.o
                0x08000ef4                HAL_Init
 *fill*         0x08000f0a        0x2 
 .text.HAL_IncTick
                0x08000f0c       0x18 Drivers/STM32F7xx_HAL_Driver/Src/stm32f7xx_hal.o
                0x08000f0c                HAL_IncTick
 .text.HAL_GetTick
                0x08000f24        0xc Drivers/STM32F7xx_HAL_Driver/Src/stm32f7xx_hal.o
                0x08000f24                HAL_GetTick
 .text.HAL_Delay
                0x08000f30       0x28 Drivers/STM32F7xx_HAL_Driver/Src/stm32f7xx_hal.o
                0x08000f30                HAL_Delay
 .text.HAL_NVIC_SetPriorityGrouping
                0x08000f58       0x24 Drivers/STM32F7xx_HAL_Driver/Src/stm32f7xx_hal_cortex.o
                0x08000f58                HAL_NVIC_SetPriorityGrouping
 .text.HAL_NVIC_SetPriority
                0x08000f7c       0x64 Drivers/STM32F7xx_HAL_Driver/Src/stm32f7xx_hal_cortex.o
                0x08000f7c                HAL_NVIC_SetPriority
 .text.HAL_SYSTICK_Config
                0x08000fe0       0x2c Drivers/STM32F7xx_HAL_Driver/Src/stm32f7xx_hal_cortex.o
                0x08000fe0                HAL_SYSTICK_Config
 .text.HAL_SYSTICK_CLKSourceConfig
                0x0800100c       0x20 Drivers/STM32F7xx_HAL_Driver/Src/stm32f7xx_hal_cortex.o
                0x0800100c                HAL_SYSTICK_CLKSourceConfig
 .text.HAL_SYSTICK_IRQHandler
                0x0800102c        0x8 Drivers/STM32F7xx_HAL_Driver/Src/stm32f7xx_hal_cortex.o
                0x0800102c                HAL_SYSTICK_IRQHandler
 .text.HAL_GPIO_Init
                0x08001034      0x1e0 Drivers/STM32F7xx_HAL_Driver/Src/stm32f7xx_hal_gpio.o
                0x08001034                HAL_GPIO_Init
 .text.HAL_GPIO_WritePin
                0x08001214        0xc Drivers/STM32F7xx_HAL_Driver/Src/stm32f7xx_hal_gpio.o
                0x08001214                HAL_GPIO_WritePin
 .text.I2C_Flush_TXDR
                0x08001220       0x22 Drivers/STM32F7xx_HAL_Driver/Src/stm32f7xx_hal_i2c.o
 .text.I2C_TransferConfig
                0x08001242       0x36 Drivers/STM32F7xx_HAL_Driver/Src/stm32f7xx_hal_i2c.o
 .text.I2C_IsAcknowledgeFailed
                0x08001278       0x82 Drivers/STM32F7xx_HAL_Driver/Src/stm32f7xx_hal_i2c.o
 .text.I2C_WaitOnTXISFlagUntilTimeout
                0x080012fa       0x54 Drivers/STM32F7xx_HAL_Driver/Src/stm32f7xx_hal_i2c.o
 .text.I2C_WaitOnFlagUntilTimeout
                0x0800134e       0x48 Drivers/STM32F7xx_HAL_Driver/Src/stm32f7xx_hal_i2c.o
 .text.I2C_WaitOnSTOPFlagUntilTimeout
                0x08001396       0x4e Drivers/STM32F7xx_HAL_Driver/Src/stm32f7xx_hal_i2c.o
 .text.I2C_WaitOnRXNEFlagUntilTimeout
                0x080013e4       0x96 Drivers/STM32F7xx_HAL_Driver/Src/stm32f7xx_hal_i2c.o
 *fill*         0x0800147a        0x2 
 .text.HAL_I2C_Init
                0x0800147c       0xbc Drivers/STM32F7xx_HAL_Driver/Src/stm32f7xx_hal_i2c.o
                0x0800147c                HAL_I2C_Init
 .text.HAL_I2C_Master_Transmit
                0x08001538      0x190 Drivers/STM32F7xx_HAL_Driver/Src/stm32f7xx_hal_i2c.o
                0x08001538                HAL_I2C_Master_Transmit
 .text.HAL_I2C_Master_Receive
                0x080016c8      0x190 Drivers/STM32F7xx_HAL_Driver/Src/stm32f7xx_hal_i2c.o
                0x080016c8                HAL_I2C_Master_Receive
 .text.HAL_I2CEx_ConfigAnalogFilter
                0x08001858       0x5c Drivers/STM32F7xx_HAL_Driver/Src/stm32f7xx_hal_i2c_ex.o
                0x08001858                HAL_I2CEx_ConfigAnalogFilter
 .text.HAL_I2CEx_ConfigDigitalFilter
                0x080018b4       0x58 Drivers/STM32F7xx_HAL_Driver/Src/stm32f7xx_hal_i2c_ex.o
                0x080018b4                HAL_I2CEx_ConfigDigitalFilter
 .text.HAL_PWREx_EnableOverDrive
                0x0800190c       0x7c Drivers/STM32F7xx_HAL_Driver/Src/stm32f7xx_hal_pwr_ex.o
                0x0800190c                HAL_PWREx_EnableOverDrive
 .text.HAL_RCC_OscConfig
                0x08001988      0x3d4 Drivers/STM32F7xx_HAL_Driver/Src/stm32f7xx_hal_rcc.o
                0x08001988                HAL_RCC_OscConfig
 .text.HAL_RCC_GetSysClockFreq
                0x08001d5c       0xa8 Drivers/STM32F7xx_HAL_Driver/Src/stm32f7xx_hal_rcc.o
                0x08001d5c                HAL_RCC_GetSysClockFreq
 .text.HAL_RCC_ClockConfig
                0x08001e04      0x164 Drivers/STM32F7xx_HAL_Driver/Src/stm32f7xx_hal_rcc.o
                0x08001e04                HAL_RCC_ClockConfig
 .text.HAL_RCC_GetHCLKFreq
                0x08001f68        0xc Drivers/STM32F7xx_HAL_Driver/Src/stm32f7xx_hal_rcc.o
                0x08001f68                HAL_RCC_GetHCLKFreq
 .text.HAL_RCCEx_PeriphCLKConfig
                0x08001f74      0x5ac Drivers/STM32F7xx_HAL_Driver/Src/stm32f7xx_hal_rcc_ex.o
                0x08001f74                HAL_RCCEx_PeriphCLKConfig
 .text.GUI_X_Config
                0x08002520       0x1c Src/GUIConf.o
                0x08002520                GUI_X_Config
 .text.GUI_X_GetTime
                0x0800253c        0xc Src/GUI_X.o
                0x0800253c                GUI_X_GetTime
 .text.GUI_X_Delay
                0x08002548       0x18 Src/GUI_X.o
                0x08002548                GUI_X_Delay
 .text.GUI_X_Init
                0x08002560        0x2 Src/GUI_X.o
                0x08002560                GUI_X_Init
 .text.GUI_TOUCH_X_ActivateX
                0x08002562        0x2 Src/LCDConf.o
                0x08002562                GUI_TOUCH_X_ActivateX
 .text.GUI_TOUCH_X_ActivateY
                0x08002564        0x2 Src/LCDConf.o
                0x08002564                GUI_TOUCH_X_ActivateY
 .text.GUI_TOUCH_X_MeasureX
                0x08002566        0x8 Src/LCDConf.o
                0x08002566                GUI_TOUCH_X_MeasureX
 .text.GUI_TOUCH_X_MeasureY
                0x0800256e        0x8 Src/LCDConf.o
                0x0800256e                GUI_TOUCH_X_MeasureY
 *fill*         0x08002576        0x2 
 .text.LCD_X_Config
                0x08002578       0xb0 Src/LCDConf.o
                0x08002578                LCD_X_Config
 .text.LCD_X_DisplayDriver
                0x08002628       0x18 Src/LCDConf.o
                0x08002628                LCD_X_DisplayDriver
 .text.MX_GPIO_Init
                0x08002640       0xa4 Src/main.o
 .text.HAL_SYSTICK_Callback
                0x080026e4       0x10 Src/main.o
                0x080026e4                HAL_SYSTICK_Callback
 .text._Error_Handler
                0x080026f4        0x2 Src/main.o
                0x080026f4                _Error_Handler
 *fill*         0x080026f6        0x2 
 .text.MX_I2C1_Init
                0x080026f8       0x6c Src/main.o
 .text.MX_I2C2_Init
                0x08002764       0x68 Src/main.o
 .text.SystemClock_Config
                0x080027cc       0xf0 Src/main.o
                0x080027cc                SystemClock_Config
 .text.main     0x080028bc      0x1ac Src/main.o
                0x080028bc                main
 .text.readRegister16
                0x08002a68       0x3c Src/rfd.o
                0x08002a68                readRegister16
 .text.readRegister
                0x08002aa4       0x38 Src/rfd.o
                0x08002aa4                readRegister
 .text.writeRegister
                0x08002adc       0x28 Src/rfd.o
                0x08002adc                writeRegister
 .text.writeRegister16
                0x08002b04       0x2c Src/rfd.o
                0x08002b04                writeRegister16
 .text.delay    0x08002b30       0x16 Src/rfd.o
                0x08002b30                delay
 *fill*         0x08002b46        0x2 
 .text.getDistance
                0x08002b48        0xc Src/rfd.o
                0x08002b48                getDistance
 .text.goToStandbyMode
                0x08002b54       0x30 Src/rfd.o
                0x08002b54                goToStandbyMode
 .text.goToOffMode
                0x08002b84       0x32 Src/rfd.o
                0x08002b84                goToOffMode
 .text.goToOnMode
                0x08002bb6       0x32 Src/rfd.o
                0x08002bb6                goToOnMode
 .text.begin    0x08002be8       0xd6 Src/rfd.o
                0x08002be8                begin
 .text.goToMeasurementMode
                0x08002cbe       0x30 Src/rfd.o
                0x08002cbe                goToMeasurementMode
 *fill*         0x08002cee        0x2 
 .text.takeMeasurement
                0x08002cf0       0x50 Src/rfd.o
                0x08002cf0                takeMeasurement
 .text.HAL_MspInit
                0x08002d40       0x90 Src/stm32f7xx_hal_msp.o
                0x08002d40                HAL_MspInit
 .text.HAL_I2C_MspInit
                0x08002dd0       0x90 Src/stm32f7xx_hal_msp.o
                0x08002dd0                HAL_I2C_MspInit
 .text.NMI_Handler
                0x08002e60        0x2 Src/stm32f7xx_it.o
                0x08002e60                NMI_Handler
 .text.HardFault_Handler
                0x08002e62        0x2 Src/stm32f7xx_it.o
                0x08002e62                HardFault_Handler
 .text.MemManage_Handler
                0x08002e64        0x2 Src/stm32f7xx_it.o
                0x08002e64                MemManage_Handler
 .text.BusFault_Handler
                0x08002e66        0x2 Src/stm32f7xx_it.o
                0x08002e66                BusFault_Handler
 .text.UsageFault_Handler
                0x08002e68        0x2 Src/stm32f7xx_it.o
                0x08002e68                UsageFault_Handler
 .text.SVC_Handler
                0x08002e6a        0x2 Src/stm32f7xx_it.o
                0x08002e6a                SVC_Handler
 .text.DebugMon_Handler
                0x08002e6c        0x2 Src/stm32f7xx_it.o
                0x08002e6c                DebugMon_Handler
 .text.PendSV_Handler
                0x08002e6e        0x2 Src/stm32f7xx_it.o
                0x08002e6e                PendSV_Handler
 .text.SysTick_Handler
                0x08002e70        0xc Src/stm32f7xx_it.o
                0x08002e70                SysTick_Handler
 .text.SystemInit
                0x08002e7c       0x50 Src/system_stm32f7xx.o
                0x08002e7c                SystemInit
 .text._GetImageById
                0x08002ecc       0x14 Src/Windows/LightRangDLG.o
 .text._cbDialog
                0x08002ee0       0xe4 Src/Windows/LightRangDLG.o
 .text.CreateLightRang
                0x08002fc4       0x28 Src/Windows/LightRangDLG.o
                0x08002fc4                CreateLightRang
 .text.Reset_Handler
                0x08002fec       0x50 startup/startup_stm32f746xx.o
                0x08002fec                Reset_Handler
 .text.Default_Handler
                0x0800303c        0x2 startup/startup_stm32f746xx.o
                0x0800303c                RTC_Alarm_IRQHandler
                0x0800303c                EXTI2_IRQHandler
                0x0800303c                TIM8_CC_IRQHandler
                0x0800303c                UART8_IRQHandler
                0x0800303c                SPI4_IRQHandler
                0x0800303c                TIM1_CC_IRQHandler
                0x0800303c                DMA2_Stream5_IRQHandler
                0x0800303c                DMA1_Stream5_IRQHandler
                0x0800303c                PVD_IRQHandler
                0x0800303c                TAMP_STAMP_IRQHandler
                0x0800303c                CAN2_RX1_IRQHandler
                0x0800303c                EXTI3_IRQHandler
                0x0800303c                TIM8_TRG_COM_TIM14_IRQHandler
                0x0800303c                TIM1_UP_TIM10_IRQHandler
                0x0800303c                TIM8_UP_TIM13_IRQHandler
                0x0800303c                I2C3_ER_IRQHandler
                0x0800303c                EXTI0_IRQHandler
                0x0800303c                I2C2_EV_IRQHandler
                0x0800303c                DMA1_Stream2_IRQHandler
                0x0800303c                CAN1_RX0_IRQHandler
                0x0800303c                FPU_IRQHandler
                0x0800303c                OTG_HS_WKUP_IRQHandler
                0x0800303c                LTDC_ER_IRQHandler
                0x0800303c                CAN2_SCE_IRQHandler
                0x0800303c                DMA2_Stream2_IRQHandler
                0x0800303c                SPI1_IRQHandler
                0x0800303c                TIM6_DAC_IRQHandler
                0x0800303c                TIM1_BRK_TIM9_IRQHandler
                0x0800303c                DCMI_IRQHandler
                0x0800303c                CAN2_RX0_IRQHandler
                0x0800303c                DMA2_Stream3_IRQHandler
                0x0800303c                SAI2_IRQHandler
                0x0800303c                USART6_IRQHandler
                0x0800303c                USART3_IRQHandler
                0x0800303c                CAN1_RX1_IRQHandler
                0x0800303c                UART5_IRQHandler
                0x0800303c                DMA2_Stream0_IRQHandler
                0x0800303c                TIM4_IRQHandler
                0x0800303c                QUADSPI_IRQHandler
                0x0800303c                I2C1_EV_IRQHandler
                0x0800303c                DMA1_Stream6_IRQHandler
                0x0800303c                DMA1_Stream1_IRQHandler
                0x0800303c                UART4_IRQHandler
                0x0800303c                TIM3_IRQHandler
                0x0800303c                RCC_IRQHandler
                0x0800303c                TIM8_BRK_TIM12_IRQHandler
                0x0800303c                Default_Handler
                0x0800303c                CEC_IRQHandler
                0x0800303c                EXTI15_10_IRQHandler
                0x0800303c                ADC_IRQHandler
                0x0800303c                DMA1_Stream7_IRQHandler
                0x0800303c                SPI5_IRQHandler
                0x0800303c                TIM7_IRQHandler
                0x0800303c                SDMMC1_IRQHandler
                0x0800303c                CAN2_TX_IRQHandler
                0x0800303c                TIM5_IRQHandler
                0x0800303c                DMA2_Stream7_IRQHandler
                0x0800303c                I2C3_EV_IRQHandler
                0x0800303c                EXTI9_5_IRQHandler
                0x0800303c                RTC_WKUP_IRQHandler
                0x0800303c                LTDC_IRQHandler
                0x0800303c                ETH_WKUP_IRQHandler
                0x0800303c                SPDIF_RX_IRQHandler
                0x0800303c                SPI2_IRQHandler
                0x0800303c                OTG_HS_EP1_IN_IRQHandler
                0x0800303c                DMA1_Stream0_IRQHandler
                0x0800303c                CAN1_TX_IRQHandler
                0x0800303c                EXTI4_IRQHandler
                0x0800303c                RNG_IRQHandler
                0x0800303c                ETH_IRQHandler
                0x0800303c                OTG_HS_EP1_OUT_IRQHandler
                0x0800303c                WWDG_IRQHandler
                0x0800303c                SPI6_IRQHandler
                0x0800303c                I2C4_EV_IRQHandler
                0x0800303c                TIM2_IRQHandler
                0x0800303c                OTG_FS_WKUP_IRQHandler
                0x0800303c                TIM1_TRG_COM_TIM11_IRQHandler
                0x0800303c                OTG_HS_IRQHandler
                0x0800303c                DMA2D_IRQHandler
                0x0800303c                EXTI1_IRQHandler
                0x0800303c                UART7_IRQHandler
                0x0800303c                USART2_IRQHandler
                0x0800303c                I2C2_ER_IRQHandler
                0x0800303c                DMA2_Stream1_IRQHandler
                0x0800303c                CAN1_SCE_IRQHandler
                0x0800303c                FLASH_IRQHandler
                0x0800303c                DMA2_Stream4_IRQHandler
                0x0800303c                USART1_IRQHandler
                0x0800303c                OTG_FS_IRQHandler
                0x0800303c                SPI3_IRQHandler
                0x0800303c                DMA1_Stream4_IRQHandler
                0x0800303c                I2C1_ER_IRQHandler
                0x0800303c                FMC_IRQHandler
                0x0800303c                LPTIM1_IRQHandler
                0x0800303c                I2C4_ER_IRQHandler
                0x0800303c                DMA2_Stream6_IRQHandler
                0x0800303c                SAI1_IRQHandler
                0x0800303c                DMA1_Stream3_IRQHandler
 .text.WINDOW_Callback
                0x0800303e      0x124 C:\Users\Nikolina\Desktop\LIGHT_RANGER_3_STM32FF7\STemWinLib\Lib\libSTemWin532_CM7_GCC.a(WINDOW.o)
                0x0800303e                WINDOW_Callback
 *fill*         0x08003162        0x2 
 .text.WINDOW_CreateUser
                0x08003164       0x54 C:\Users\Nikolina\Desktop\LIGHT_RANGER_3_STM32FF7\STemWinLib\Lib\libSTemWin532_CM7_GCC.a(WINDOW.o)
                0x08003164                WINDOW_CreateUser
 .text.WINDOW_CreateIndirect
                0x080031b8       0x3e C:\Users\Nikolina\Desktop\LIGHT_RANGER_3_STM32FF7\STemWinLib\Lib\libSTemWin532_CM7_GCC.a(WINDOW.o)
                0x080031b8                WINDOW_CreateIndirect
 .text._EffectRequiresRedraw
                0x080031f6       0x60 C:\Users\Nikolina\Desktop\LIGHT_RANGER_3_STM32FF7\STemWinLib\Lib\libSTemWin532_CM7_GCC.a(WIDGET.o)
 .text.WIDGET__RotateRect90
                0x08003256       0x24 C:\Users\Nikolina\Desktop\LIGHT_RANGER_3_STM32FF7\STemWinLib\Lib\libSTemWin532_CM7_GCC.a(WIDGET.o)
                0x08003256                WIDGET__RotateRect90
 .text.WIDGET__GetInsideRect
                0x0800327a       0x1a C:\Users\Nikolina\Desktop\LIGHT_RANGER_3_STM32FF7\STemWinLib\Lib\libSTemWin532_CM7_GCC.a(WIDGET.o)
                0x0800327a                WIDGET__GetInsideRect
 .text.WIDGET_SetState
                0x08003294       0x24 C:\Users\Nikolina\Desktop\LIGHT_RANGER_3_STM32FF7\STemWinLib\Lib\libSTemWin532_CM7_GCC.a(WIDGET.o)
                0x08003294                WIDGET_SetState
 .text.WIDGET_OrState
                0x080032b8       0x2c C:\Users\Nikolina\Desktop\LIGHT_RANGER_3_STM32FF7\STemWinLib\Lib\libSTemWin532_CM7_GCC.a(WIDGET.o)
                0x080032b8                WIDGET_OrState
 .text.WIDGET_AndState
                0x080032e4       0x2a C:\Users\Nikolina\Desktop\LIGHT_RANGER_3_STM32FF7\STemWinLib\Lib\libSTemWin532_CM7_GCC.a(WIDGET.o)
                0x080032e4                WIDGET_AndState
 *fill*         0x0800330e        0x2 
 .text.WIDGET__Init
                0x08003310       0x10 C:\Users\Nikolina\Desktop\LIGHT_RANGER_3_STM32FF7\STemWinLib\Lib\libSTemWin532_CM7_GCC.a(WIDGET.o)
                0x08003310                WIDGET__Init
 .text.WIDGET_HandleActive
                0x08003320      0x13c C:\Users\Nikolina\Desktop\LIGHT_RANGER_3_STM32FF7\STemWinLib\Lib\libSTemWin532_CM7_GCC.a(WIDGET.o)
                0x08003320                WIDGET_HandleActive
 .text.WIDGET__EFFECT_DrawDownRect
                0x0800345c       0x38 C:\Users\Nikolina\Desktop\LIGHT_RANGER_3_STM32FF7\STemWinLib\Lib\libSTemWin532_CM7_GCC.a(WIDGET.o)
                0x0800345c                WIDGET__EFFECT_DrawDownRect
 .text.WIDGET__EFFECT_DrawDown
                0x08003494        0x6 C:\Users\Nikolina\Desktop\LIGHT_RANGER_3_STM32FF7\STemWinLib\Lib\libSTemWin532_CM7_GCC.a(WIDGET.o)
                0x08003494                WIDGET__EFFECT_DrawDown
 .text.TEXT_SetTextColor
                0x0800349a       0x26 C:\Users\Nikolina\Desktop\LIGHT_RANGER_3_STM32FF7\STemWinLib\Lib\libSTemWin532_CM7_GCC.a(TEXT_SetTextColor.o)
                0x0800349a                TEXT_SetTextColor
 .text.TEXT_SetTextAlign
                0x080034c0       0x26 C:\Users\Nikolina\Desktop\LIGHT_RANGER_3_STM32FF7\STemWinLib\Lib\libSTemWin532_CM7_GCC.a(TEXT_SetTextAlign.o)
                0x080034c0                TEXT_SetTextAlign
 .text.TEXT_SetText
                0x080034e6       0x52 C:\Users\Nikolina\Desktop\LIGHT_RANGER_3_STM32FF7\STemWinLib\Lib\libSTemWin532_CM7_GCC.a(TEXT_SetText.o)
                0x080034e6                TEXT_SetText
 .text.TEXT_SetFont
                0x08003538       0x26 C:\Users\Nikolina\Desktop\LIGHT_RANGER_3_STM32FF7\STemWinLib\Lib\libSTemWin532_CM7_GCC.a(TEXT_SetFont.o)
                0x08003538                TEXT_SetFont
 .text.TEXT_CreateIndirect
                0x0800355e       0x3e C:\Users\Nikolina\Desktop\LIGHT_RANGER_3_STM32FF7\STemWinLib\Lib\libSTemWin532_CM7_GCC.a(TEXT_CreateIndirect.o)
                0x0800355e                TEXT_CreateIndirect
 .text.TEXT_Callback
                0x0800359c       0xc6 C:\Users\Nikolina\Desktop\LIGHT_RANGER_3_STM32FF7\STemWinLib\Lib\libSTemWin532_CM7_GCC.a(TEXT.o)
                0x0800359c                TEXT_Callback
 *fill*         0x08003662        0x2 
 .text.TEXT_CreateUser
                0x08003664       0x84 C:\Users\Nikolina\Desktop\LIGHT_RANGER_3_STM32FF7\STemWinLib\Lib\libSTemWin532_CM7_GCC.a(TEXT.o)
                0x08003664                TEXT_CreateUser
 .text.PROGBAR_SetMinMax
                0x080036e8       0x34 C:\Users\Nikolina\Desktop\LIGHT_RANGER_3_STM32FF7\STemWinLib\Lib\libSTemWin532_CM7_GCC.a(PROGBAR_SetMinMax.o)
                0x080036e8                PROGBAR_SetMinMax
 .text.PROGBAR_SetFont
                0x0800371c       0x24 C:\Users\Nikolina\Desktop\LIGHT_RANGER_3_STM32FF7\STemWinLib\Lib\libSTemWin532_CM7_GCC.a(PROGBAR_SetFont.o)
                0x0800371c                PROGBAR_SetFont
 .text.PROGBAR_SetBarColor
                0x08003740       0x2a C:\Users\Nikolina\Desktop\LIGHT_RANGER_3_STM32FF7\STemWinLib\Lib\libSTemWin532_CM7_GCC.a(PROGBAR_SetBarColor.o)
                0x08003740                PROGBAR_SetBarColor
 .text.PROGBAR_CreateIndirect
                0x0800376a       0x3a C:\Users\Nikolina\Desktop\LIGHT_RANGER_3_STM32FF7\STemWinLib\Lib\libSTemWin532_CM7_GCC.a(PROGBAR_CreateIndirect.o)
                0x0800376a                PROGBAR_CreateIndirect
 .text.PROGBAR_Callback
                0x080037a4       0x5a C:\Users\Nikolina\Desktop\LIGHT_RANGER_3_STM32FF7\STemWinLib\Lib\libSTemWin532_CM7_GCC.a(PROGBAR.o)
                0x080037a4                PROGBAR_Callback
 .text._SetValue
                0x080037fe       0x34 C:\Users\Nikolina\Desktop\LIGHT_RANGER_3_STM32FF7\STemWinLib\Lib\libSTemWin532_CM7_GCC.a(PROGBAR.o)
 .text.PROGBAR__GetTextLocked
                0x08003832        0x6 C:\Users\Nikolina\Desktop\LIGHT_RANGER_3_STM32FF7\STemWinLib\Lib\libSTemWin532_CM7_GCC.a(PROGBAR.o)
                0x08003832                PROGBAR__GetTextLocked
 .text.PROGBAR__GetTextRect
                0x08003838       0x88 C:\Users\Nikolina\Desktop\LIGHT_RANGER_3_STM32FF7\STemWinLib\Lib\libSTemWin532_CM7_GCC.a(PROGBAR.o)
                0x08003838                PROGBAR__GetTextRect
 .text.PROGBAR__Value2Pos
                0x080038c0       0x4c C:\Users\Nikolina\Desktop\LIGHT_RANGER_3_STM32FF7\STemWinLib\Lib\libSTemWin532_CM7_GCC.a(PROGBAR.o)
                0x080038c0                PROGBAR__Value2Pos
 .text.PROGBAR_CreateUser
                0x0800390c       0xbc C:\Users\Nikolina\Desktop\LIGHT_RANGER_3_STM32FF7\STemWinLib\Lib\libSTemWin532_CM7_GCC.a(PROGBAR.o)
                0x0800390c                PROGBAR_CreateUser
 .text.PROGBAR_SetValue
                0x080039c8      0x156 C:\Users\Nikolina\Desktop\LIGHT_RANGER_3_STM32FF7\STemWinLib\Lib\libSTemWin532_CM7_GCC.a(PROGBAR.o)
                0x080039c8                PROGBAR_SetValue
 .text._GetImageSize
                0x08003b1e       0x2c C:\Users\Nikolina\Desktop\LIGHT_RANGER_3_STM32FF7\STemWinLib\Lib\libSTemWin532_CM7_GCC.a(IMAGE_BMP.o)
 .text._DrawImageAt
                0x08003b4a       0x26 C:\Users\Nikolina\Desktop\LIGHT_RANGER_3_STM32FF7\STemWinLib\Lib\libSTemWin532_CM7_GCC.a(IMAGE_BMP.o)
 .text.IMAGE_SetBMP
                0x08003b70       0x4c C:\Users\Nikolina\Desktop\LIGHT_RANGER_3_STM32FF7\STemWinLib\Lib\libSTemWin532_CM7_GCC.a(IMAGE_BMP.o)
                0x08003b70                IMAGE_SetBMP
 .text._Paint   0x08003bbc       0x28 C:\Users\Nikolina\Desktop\LIGHT_RANGER_3_STM32FF7\STemWinLib\Lib\libSTemWin532_CM7_GCC.a(IMAGE.o)
 .text._PaintTiled
                0x08003be4       0xca C:\Users\Nikolina\Desktop\LIGHT_RANGER_3_STM32FF7\STemWinLib\Lib\libSTemWin532_CM7_GCC.a(IMAGE.o)
 .text.IMAGE__FreeAttached
                0x08003cae       0x32 C:\Users\Nikolina\Desktop\LIGHT_RANGER_3_STM32FF7\STemWinLib\Lib\libSTemWin532_CM7_GCC.a(IMAGE.o)
                0x08003cae                IMAGE__FreeAttached
 .text.IMAGE_Callback
                0x08003ce0      0x204 C:\Users\Nikolina\Desktop\LIGHT_RANGER_3_STM32FF7\STemWinLib\Lib\libSTemWin532_CM7_GCC.a(IMAGE.o)
                0x08003ce0                IMAGE_Callback
 .text.IMAGE__SetWindowSize
                0x08003ee4       0x32 C:\Users\Nikolina\Desktop\LIGHT_RANGER_3_STM32FF7\STemWinLib\Lib\libSTemWin532_CM7_GCC.a(IMAGE.o)
                0x08003ee4                IMAGE__SetWindowSize
 *fill*         0x08003f16        0x2 
 .text.IMAGE_CreateUser
                0x08003f18       0x98 C:\Users\Nikolina\Desktop\LIGHT_RANGER_3_STM32FF7\STemWinLib\Lib\libSTemWin532_CM7_GCC.a(IMAGE.o)
                0x08003f18                IMAGE_CreateUser
 .text.IMAGE_CreateIndirect
                0x08003fb0       0x3a C:\Users\Nikolina\Desktop\LIGHT_RANGER_3_STM32FF7\STemWinLib\Lib\libSTemWin532_CM7_GCC.a(IMAGE.o)
                0x08003fb0                IMAGE_CreateIndirect
 .text.EDIT_CreateIndirect
                0x08003fea       0x4c C:\Users\Nikolina\Desktop\LIGHT_RANGER_3_STM32FF7\STemWinLib\Lib\libSTemWin532_CM7_GCC.a(EDIT_CreateIndirect.o)
                0x08003fea                EDIT_CreateIndirect
 *fill*         0x08004036        0x2 
 .text._Paint   0x08004038      0x254 C:\Users\Nikolina\Desktop\LIGHT_RANGER_3_STM32FF7\STemWinLib\Lib\libSTemWin532_CM7_GCC.a(EDIT.o)
 .text._IncrementBuffer
                0x0800428c       0x5a C:\Users\Nikolina\Desktop\LIGHT_RANGER_3_STM32FF7\STemWinLib\Lib\libSTemWin532_CM7_GCC.a(EDIT.o)
 .text._ChangeCharacter
                0x080042e6       0x4c C:\Users\Nikolina\Desktop\LIGHT_RANGER_3_STM32FF7\STemWinLib\Lib\libSTemWin532_CM7_GCC.a(EDIT.o)
 .text._IsSpaceInBuffer
                0x08004332       0x5a C:\Users\Nikolina\Desktop\LIGHT_RANGER_3_STM32FF7\STemWinLib\Lib\libSTemWin532_CM7_GCC.a(EDIT.o)
 .text._DeleteChar
                0x0800438c       0x66 C:\Users\Nikolina\Desktop\LIGHT_RANGER_3_STM32FF7\STemWinLib\Lib\libSTemWin532_CM7_GCC.a(EDIT.o)
 .text.EDIT__SetCursorPos
                0x080043f2       0x58 C:\Users\Nikolina\Desktop\LIGHT_RANGER_3_STM32FF7\STemWinLib\Lib\libSTemWin532_CM7_GCC.a(EDIT.o)
                0x080043f2                EDIT__SetCursorPos
 *fill*         0x0800444a        0x2 
 .text.EDIT_CreateUser
                0x0800444c       0xa4 C:\Users\Nikolina\Desktop\LIGHT_RANGER_3_STM32FF7\STemWinLib\Lib\libSTemWin532_CM7_GCC.a(EDIT.o)
                0x0800444c                EDIT_CreateUser
 .text.EDIT_SetCursorAtPixel
                0x080044f0       0xb2 C:\Users\Nikolina\Desktop\LIGHT_RANGER_3_STM32FF7\STemWinLib\Lib\libSTemWin532_CM7_GCC.a(EDIT.o)
                0x080044f0                EDIT_SetCursorAtPixel
 .text.EDIT_AddKey
                0x080045a2      0x1ea C:\Users\Nikolina\Desktop\LIGHT_RANGER_3_STM32FF7\STemWinLib\Lib\libSTemWin532_CM7_GCC.a(EDIT.o)
                0x080045a2                EDIT_AddKey
 .text.EDIT_Callback
                0x0800478c       0xfc C:\Users\Nikolina\Desktop\LIGHT_RANGER_3_STM32FF7\STemWinLib\Lib\libSTemWin532_CM7_GCC.a(EDIT.o)
                0x0800478c                EDIT_Callback
 .text.EDIT_SetText
                0x08004888       0xda C:\Users\Nikolina\Desktop\LIGHT_RANGER_3_STM32FF7\STemWinLib\Lib\libSTemWin532_CM7_GCC.a(EDIT.o)
                0x08004888                EDIT_SetText
 .text.EDIT_SetTextAlign
                0x08004962       0x22 C:\Users\Nikolina\Desktop\LIGHT_RANGER_3_STM32FF7\STemWinLib\Lib\libSTemWin532_CM7_GCC.a(EDIT.o)
                0x08004962                EDIT_SetTextAlign
 .text.GUI_CreateDialogBox
                0x08004984       0xa4 C:\Users\Nikolina\Desktop\LIGHT_RANGER_3_STM32FF7\STemWinLib\Lib\libSTemWin532_CM7_GCC.a(DIALOG.o)
                0x08004984                GUI_CreateDialogBox
 .text.BUTTON_CreateIndirect
                0x08004a28       0x46 C:\Users\Nikolina\Desktop\LIGHT_RANGER_3_STM32FF7\STemWinLib\Lib\libSTemWin532_CM7_GCC.a(BUTTON_CreateIndirect.o)
                0x08004a28                BUTTON_CreateIndirect
 .text._OnButtonPressed
                0x08004a6e       0x30 C:\Users\Nikolina\Desktop\LIGHT_RANGER_3_STM32FF7\STemWinLib\Lib\libSTemWin532_CM7_GCC.a(BUTTON.o)
 .text._OnButtonReleased
                0x08004a9e       0x3e C:\Users\Nikolina\Desktop\LIGHT_RANGER_3_STM32FF7\STemWinLib\Lib\libSTemWin532_CM7_GCC.a(BUTTON.o)
 .text._OnTouchDefault
                0x08004adc       0x42 C:\Users\Nikolina\Desktop\LIGHT_RANGER_3_STM32FF7\STemWinLib\Lib\libSTemWin532_CM7_GCC.a(BUTTON.o)
 *fill*         0x08004b1e        0x2 
 .text.BUTTON_Callback
                0x08004b20       0xdc C:\Users\Nikolina\Desktop\LIGHT_RANGER_3_STM32FF7\STemWinLib\Lib\libSTemWin532_CM7_GCC.a(BUTTON.o)
                0x08004b20                BUTTON_Callback
 .text.BUTTON_CreateUser
                0x08004bfc       0x70 C:\Users\Nikolina\Desktop\LIGHT_RANGER_3_STM32FF7\STemWinLib\Lib\libSTemWin532_CM7_GCC.a(BUTTON.o)
                0x08004bfc                BUTTON_CreateUser
 .text.BUTTON_SetText
                0x08004c6c       0x52 C:\Users\Nikolina\Desktop\LIGHT_RANGER_3_STM32FF7\STemWinLib\Lib\libSTemWin532_CM7_GCC.a(BUTTON.o)
                0x08004c6c                BUTTON_SetText
 .text.BUTTON_SetFont
                0x08004cbe       0x24 C:\Users\Nikolina\Desktop\LIGHT_RANGER_3_STM32FF7\STemWinLib\Lib\libSTemWin532_CM7_GCC.a(BUTTON.o)
                0x08004cbe                BUTTON_SetFont
 .text.WM__UpdateChildPositions
                0x08004ce2       0xf4 C:\Users\Nikolina\Desktop\LIGHT_RANGER_3_STM32FF7\STemWinLib\Lib\libSTemWin532_CM7_GCC.a(WM__UpdateChildPositions.o)
                0x08004ce2                WM__UpdateChildPositions
 .text.WM__Screen2Client
                0x08004dd6       0x12 C:\Users\Nikolina\Desktop\LIGHT_RANGER_3_STM32FF7\STemWinLib\Lib\libSTemWin532_CM7_GCC.a(WM__Screen2Client.o)
                0x08004dd6                WM__Screen2Client
 .text.WM__IsEnabled
                0x08004de8       0x12 C:\Users\Nikolina\Desktop\LIGHT_RANGER_3_STM32FF7\STemWinLib\Lib\libSTemWin532_CM7_GCC.a(WM__IsEnabled.o)
                0x08004de8                WM__IsEnabled
 .text.WM__IsAncestor
                0x08004dfa       0x22 C:\Users\Nikolina\Desktop\LIGHT_RANGER_3_STM32FF7\STemWinLib\Lib\libSTemWin532_CM7_GCC.a(WM__IsAncestor.o)
                0x08004dfa                WM__IsAncestor
 .text.WM__IsAncestorOrSelf
                0x08004e1c        0xc C:\Users\Nikolina\Desktop\LIGHT_RANGER_3_STM32FF7\STemWinLib\Lib\libSTemWin532_CM7_GCC.a(WM__IsAncestor.o)
                0x08004e1c                WM__IsAncestorOrSelf
 .text.WM_DeleteTimer
                0x08004e28       0x26 C:\Users\Nikolina\Desktop\LIGHT_RANGER_3_STM32FF7\STemWinLib\Lib\libSTemWin532_CM7_GCC.a(WM_Timer.o)
                0x08004e28                WM_DeleteTimer
 .text.WM__DeleteAssocTimer
                0x08004e4e       0x4a C:\Users\Nikolina\Desktop\LIGHT_RANGER_3_STM32FF7\STemWinLib\Lib\libSTemWin532_CM7_GCC.a(WM_Timer.o)
                0x08004e4e                WM__DeleteAssocTimer
 .text.WM_RestartTimer
                0x08004e98       0x2c C:\Users\Nikolina\Desktop\LIGHT_RANGER_3_STM32FF7\STemWinLib\Lib\libSTemWin532_CM7_GCC.a(WM_Timer.o)
                0x08004e98                WM_RestartTimer
 .text.WM_InvalidateWindowAndDescs
                0x08004ec4       0x26 C:\Users\Nikolina\Desktop\LIGHT_RANGER_3_STM32FF7\STemWinLib\Lib\libSTemWin532_CM7_GCC.a(WM_Show.o)
                0x08004ec4                WM_InvalidateWindowAndDescs
 .text.WM_ShowWindow
                0x08004eea       0x28 C:\Users\Nikolina\Desktop\LIGHT_RANGER_3_STM32FF7\STemWinLib\Lib\libSTemWin532_CM7_GCC.a(WM_Show.o)
                0x08004eea                WM_ShowWindow
 *fill*         0x08004f12        0x2 
 .text.WM_SetUserClipRect
                0x08004f14       0x18 C:\Users\Nikolina\Desktop\LIGHT_RANGER_3_STM32FF7\STemWinLib\Lib\libSTemWin532_CM7_GCC.a(WM_SetUserClipRect.o)
                0x08004f14                WM_SetUserClipRect
 .text.WM_SetHasTrans
                0x08004f2c       0x40 C:\Users\Nikolina\Desktop\LIGHT_RANGER_3_STM32FF7\STemWinLib\Lib\libSTemWin532_CM7_GCC.a(WM_SetTrans.o)
                0x08004f2c                WM_SetHasTrans
 .text.WM_GetHasTrans
                0x08004f6c       0x12 C:\Users\Nikolina\Desktop\LIGHT_RANGER_3_STM32FF7\STemWinLib\Lib\libSTemWin532_CM7_GCC.a(WM_SetTrans.o)
                0x08004f6c                WM_GetHasTrans
 .text.WM_SetSize
                0x08004f7e       0x48 C:\Users\Nikolina\Desktop\LIGHT_RANGER_3_STM32FF7\STemWinLib\Lib\libSTemWin532_CM7_GCC.a(WM_SetSize.o)
                0x08004f7e                WM_SetSize
 .text._GetPrevChild
                0x08004fc6       0x1e C:\Users\Nikolina\Desktop\LIGHT_RANGER_3_STM32FF7\STemWinLib\Lib\libSTemWin532_CM7_GCC.a(WM_SetFocusOnPrevChild.o)
 .text.WM_SetFocusOnPrevChild
                0x08004fe4       0x38 C:\Users\Nikolina\Desktop\LIGHT_RANGER_3_STM32FF7\STemWinLib\Lib\libSTemWin532_CM7_GCC.a(WM_SetFocusOnPrevChild.o)
                0x08004fe4                WM_SetFocusOnPrevChild
 .text._GetNextChild
                0x0800501c       0x26 C:\Users\Nikolina\Desktop\LIGHT_RANGER_3_STM32FF7\STemWinLib\Lib\libSTemWin532_CM7_GCC.a(WM_SetFocusOnNextChild.o)
 *fill*         0x08005042        0x2 
 .text.WM_SetFocusOnNextChild
                0x08005044       0x64 C:\Users\Nikolina\Desktop\LIGHT_RANGER_3_STM32FF7\STemWinLib\Lib\libSTemWin532_CM7_GCC.a(WM_SetFocusOnNextChild.o)
                0x08005044                WM_SetFocusOnNextChild
 .text.WM_SetFocus
                0x080050a8       0x9c C:\Users\Nikolina\Desktop\LIGHT_RANGER_3_STM32FF7\STemWinLib\Lib\libSTemWin532_CM7_GCC.a(WM_SetFocus.o)
                0x080050a8                WM_SetFocus
 .text.WM_SetCreateFlags
                0x08005144       0x10 C:\Users\Nikolina\Desktop\LIGHT_RANGER_3_STM32FF7\STemWinLib\Lib\libSTemWin532_CM7_GCC.a(WM_SetCreateFlags.o)
                0x08005144                WM_SetCreateFlags
 .text.WM_SendMessageNoPara
                0x08005154        0x4 C:\Users\Nikolina\Desktop\LIGHT_RANGER_3_STM32FF7\STemWinLib\Lib\libSTemWin532_CM7_GCC.a(WM_SendMessageNoPara.o)
                0x08005154                WM_SendMessageNoPara
 .text.WM_ResizeWindow
                0x08005158       0xf6 C:\Users\Nikolina\Desktop\LIGHT_RANGER_3_STM32FF7\STemWinLib\Lib\libSTemWin532_CM7_GCC.a(WM_ResizeWindow.o)
                0x08005158                WM_ResizeWindow
 .text.WM_NotifyParent
                0x0800524e       0x14 C:\Users\Nikolina\Desktop\LIGHT_RANGER_3_STM32FF7\STemWinLib\Lib\libSTemWin532_CM7_GCC.a(WM_NotifyParent.o)
                0x0800524e                WM_NotifyParent
 .text._MoveDescendents
                0x08005262       0x6c C:\Users\Nikolina\Desktop\LIGHT_RANGER_3_STM32FF7\STemWinLib\Lib\libSTemWin532_CM7_GCC.a(WM_Move.o)
 .text.WM__MoveWindow
                0x080052ce       0xa8 C:\Users\Nikolina\Desktop\LIGHT_RANGER_3_STM32FF7\STemWinLib\Lib\libSTemWin532_CM7_GCC.a(WM_Move.o)
                0x080052ce                WM__MoveWindow
 .text.WM_MoveWindow
                0x08005376        0x4 C:\Users\Nikolina\Desktop\LIGHT_RANGER_3_STM32FF7\STemWinLib\Lib\libSTemWin532_CM7_GCC.a(WM_Move.o)
                0x08005376                WM_MoveWindow
 .text.WM_IsWindow
                0x0800537a        0x4 C:\Users\Nikolina\Desktop\LIGHT_RANGER_3_STM32FF7\STemWinLib\Lib\libSTemWin532_CM7_GCC.a(WM_IsWindow.o)
                0x0800537a                WM_IsWindow
 .text.WM_IsFocussable
                0x0800537e       0x32 C:\Users\Nikolina\Desktop\LIGHT_RANGER_3_STM32FF7\STemWinLib\Lib\libSTemWin532_CM7_GCC.a(WM_IsFocussable.o)
                0x0800537e                WM_IsFocussable
 .text.WM_HasFocus
                0x080053b0       0x1c C:\Users\Nikolina\Desktop\LIGHT_RANGER_3_STM32FF7\STemWinLib\Lib\libSTemWin532_CM7_GCC.a(WM_HasFocus.o)
                0x080053b0                WM_HasFocus
 .text.WM__GetWindowSizeX
                0x080053cc        0xe C:\Users\Nikolina\Desktop\LIGHT_RANGER_3_STM32FF7\STemWinLib\Lib\libSTemWin532_CM7_GCC.a(WM_GetWindowSize.o)
                0x080053cc                WM__GetWindowSizeX
 .text.WM__GetWindowSizeY
                0x080053da        0xe C:\Users\Nikolina\Desktop\LIGHT_RANGER_3_STM32FF7\STemWinLib\Lib\libSTemWin532_CM7_GCC.a(WM_GetWindowSize.o)
                0x080053da                WM__GetWindowSizeY
 .text.WM_GetWindowSizeX
                0x080053e8       0x2a C:\Users\Nikolina\Desktop\LIGHT_RANGER_3_STM32FF7\STemWinLib\Lib\libSTemWin532_CM7_GCC.a(WM_GetWindowSize.o)
                0x080053e8                WM_GetWindowSizeX
 .text.WM_GetWindowSizeY
                0x08005412       0x2a C:\Users\Nikolina\Desktop\LIGHT_RANGER_3_STM32FF7\STemWinLib\Lib\libSTemWin532_CM7_GCC.a(WM_GetWindowSize.o)
                0x08005412                WM_GetWindowSizeY
 .text.WM_GetParent
                0x0800543c       0x10 C:\Users\Nikolina\Desktop\LIGHT_RANGER_3_STM32FF7\STemWinLib\Lib\libSTemWin532_CM7_GCC.a(WM_GetParent.o)
                0x0800543c                WM_GetParent
 .text.WM_GetId
                0x0800544c       0x20 C:\Users\Nikolina\Desktop\LIGHT_RANGER_3_STM32FF7\STemWinLib\Lib\libSTemWin532_CM7_GCC.a(WM_GetId.o)
                0x0800544c                WM_GetId
 .text.WM_GetFocussedWindow
                0x0800546c       0x14 C:\Users\Nikolina\Desktop\LIGHT_RANGER_3_STM32FF7\STemWinLib\Lib\libSTemWin532_CM7_GCC.a(WM_GetFocussedWindow.o)
                0x0800546c                WM_GetFocussedWindow
 .text.WM_GetFirstChild
                0x08005480       0x10 C:\Users\Nikolina\Desktop\LIGHT_RANGER_3_STM32FF7\STemWinLib\Lib\libSTemWin532_CM7_GCC.a(WM_GetFirstChild.o)
                0x08005480                WM_GetFirstChild
 .text._GetDialogItem
                0x08005490       0x3a C:\Users\Nikolina\Desktop\LIGHT_RANGER_3_STM32FF7\STemWinLib\Lib\libSTemWin532_CM7_GCC.a(WM_GetDialogItem.o)
 .text.WM_GetDialogItem
                0x080054ca        0x8 C:\Users\Nikolina\Desktop\LIGHT_RANGER_3_STM32FF7\STemWinLib\Lib\libSTemWin532_CM7_GCC.a(WM_GetDialogItem.o)
                0x080054ca                WM_GetDialogItem
 *fill*         0x080054d2        0x2 
 .text.WM_GetDesktopWindow
                0x080054d4       0x18 C:\Users\Nikolina\Desktop\LIGHT_RANGER_3_STM32FF7\STemWinLib\Lib\libSTemWin532_CM7_GCC.a(WM_GetDesktopWindow.o)
                0x080054d4                WM_GetDesktopWindow
 .text.WM_GetClientWindow
                0x080054ec       0x1c C:\Users\Nikolina\Desktop\LIGHT_RANGER_3_STM32FF7\STemWinLib\Lib\libSTemWin532_CM7_GCC.a(WM_GetClientWindow.o)
                0x080054ec                WM_GetClientWindow
 .text.WM__GetClientRectEx
                0x08005508       0x22 C:\Users\Nikolina\Desktop\LIGHT_RANGER_3_STM32FF7\STemWinLib\Lib\libSTemWin532_CM7_GCC.a(WM_GetClientRect.o)
                0x08005508                WM__GetClientRectEx
 .text.WM_GetClientRectEx
                0x0800552a        0x4 C:\Users\Nikolina\Desktop\LIGHT_RANGER_3_STM32FF7\STemWinLib\Lib\libSTemWin532_CM7_GCC.a(WM_GetClientRect.o)
                0x0800552a                WM_GetClientRectEx
 *fill*         0x0800552e        0x2 
 .text.WM_GetClientRect
                0x08005530       0x1c C:\Users\Nikolina\Desktop\LIGHT_RANGER_3_STM32FF7\STemWinLib\Lib\libSTemWin532_CM7_GCC.a(WM_GetClientRect.o)
                0x08005530                WM_GetClientRect
 .text._cbInvalidateOne
                0x0800554c        0x4 C:\Users\Nikolina\Desktop\LIGHT_RANGER_3_STM32FF7\STemWinLib\Lib\libSTemWin532_CM7_GCC.a(WM_BringToTop.o)
 .text.WM_BringToTop
                0x08005550       0x78 C:\Users\Nikolina\Desktop\LIGHT_RANGER_3_STM32FF7\STemWinLib\Lib\libSTemWin532_CM7_GCC.a(WM_BringToTop.o)
                0x08005550                WM_BringToTop
 .text._OnExit  0x080055c8       0x50 C:\Users\Nikolina\Desktop\LIGHT_RANGER_3_STM32FF7\STemWinLib\Lib\libSTemWin532_CM7_GCC.a(WM.o)
 .text._Paint1  0x08005618       0x24 C:\Users\Nikolina\Desktop\LIGHT_RANGER_3_STM32FF7\STemWinLib\Lib\libSTemWin532_CM7_GCC.a(WM.o)
 .text._Findy1  0x0800563c       0xac C:\Users\Nikolina\Desktop\LIGHT_RANGER_3_STM32FF7\STemWinLib\Lib\libSTemWin532_CM7_GCC.a(WM.o)
 .text._Findx0  0x080056e8       0x88 C:\Users\Nikolina\Desktop\LIGHT_RANGER_3_STM32FF7\STemWinLib\Lib\libSTemWin532_CM7_GCC.a(WM.o)
 .text._Findx1  0x08005770       0x76 C:\Users\Nikolina\Desktop\LIGHT_RANGER_3_STM32FF7\STemWinLib\Lib\libSTemWin532_CM7_GCC.a(WM.o)
 *fill*         0x080057e6        0x2 
 .text._Paint1Trans
                0x080057e8       0x94 C:\Users\Nikolina\Desktop\LIGHT_RANGER_3_STM32FF7\STemWinLib\Lib\libSTemWin532_CM7_GCC.a(WM.o)
 .text._PaintTransChildren
                0x0800587c       0xb6 C:\Users\Nikolina\Desktop\LIGHT_RANGER_3_STM32FF7\STemWinLib\Lib\libSTemWin532_CM7_GCC.a(WM.o)
 *fill*         0x08005932        0x2 
 .text.WM__PaintWinAndOverlays
                0x08005934       0x78 C:\Users\Nikolina\Desktop\LIGHT_RANGER_3_STM32FF7\STemWinLib\Lib\libSTemWin532_CM7_GCC.a(WM.o)
 .text._cbPaintMemDev
                0x080059ac       0x68 C:\Users\Nikolina\Desktop\LIGHT_RANGER_3_STM32FF7\STemWinLib\Lib\libSTemWin532_CM7_GCC.a(WM.o)
 .text.WM__ClipAtParentBorders
                0x08005a14       0x5c C:\Users\Nikolina\Desktop\LIGHT_RANGER_3_STM32FF7\STemWinLib\Lib\libSTemWin532_CM7_GCC.a(WM.o)
                0x08005a14                WM__ClipAtParentBorders
 .text.WM__InsertWindowIntoList
                0x08005a70       0xa4 C:\Users\Nikolina\Desktop\LIGHT_RANGER_3_STM32FF7\STemWinLib\Lib\libSTemWin532_CM7_GCC.a(WM.o)
                0x08005a70                WM__InsertWindowIntoList
 .text.WM__RemoveWindowFromList
                0x08005b14       0x3c C:\Users\Nikolina\Desktop\LIGHT_RANGER_3_STM32FF7\STemWinLib\Lib\libSTemWin532_CM7_GCC.a(WM.o)
                0x08005b14                WM__RemoveWindowFromList
 .text.WM__Client2Screen
                0x08005b50       0x10 C:\Users\Nikolina\Desktop\LIGHT_RANGER_3_STM32FF7\STemWinLib\Lib\libSTemWin532_CM7_GCC.a(WM.o)
                0x08005b50                WM__Client2Screen
 .text._SetClipRectUserIntersect
                0x08005b60       0x50 C:\Users\Nikolina\Desktop\LIGHT_RANGER_3_STM32FF7\STemWinLib\Lib\libSTemWin532_CM7_GCC.a(WM.o)
 .text.WM__ActivateClipRect
                0x08005bb0       0x48 C:\Users\Nikolina\Desktop\LIGHT_RANGER_3_STM32FF7\STemWinLib\Lib\libSTemWin532_CM7_GCC.a(WM.o)
                0x08005bb0                WM__ActivateClipRect
 .text.WM__IsWindow
                0x08005bf8       0x20 C:\Users\Nikolina\Desktop\LIGHT_RANGER_3_STM32FF7\STemWinLib\Lib\libSTemWin532_CM7_GCC.a(WM.o)
                0x08005bf8                WM__IsWindow
 .text.WM__InvalidateDrawAndDescs
                0x08005c18       0x50 C:\Users\Nikolina\Desktop\LIGHT_RANGER_3_STM32FF7\STemWinLib\Lib\libSTemWin532_CM7_GCC.a(WM.o)
                0x08005c18                WM__InvalidateDrawAndDescs
 .text.WM__RectIsNZ
                0x08005c68       0x22 C:\Users\Nikolina\Desktop\LIGHT_RANGER_3_STM32FF7\STemWinLib\Lib\libSTemWin532_CM7_GCC.a(WM.o)
                0x08005c68                WM__RectIsNZ
 *fill*         0x08005c8a        0x2 
 .text._Invalidate1Abs
                0x08005c8c       0x88 C:\Users\Nikolina\Desktop\LIGHT_RANGER_3_STM32FF7\STemWinLib\Lib\libSTemWin532_CM7_GCC.a(WM.o)
 .text.WM__Invalidate1Abs
                0x08005d14        0x6 C:\Users\Nikolina\Desktop\LIGHT_RANGER_3_STM32FF7\STemWinLib\Lib\libSTemWin532_CM7_GCC.a(WM.o)
                0x08005d14                WM__Invalidate1Abs
 .text.WM_InvalidateWindowAndDescsEx
                0x08005d1a       0x64 C:\Users\Nikolina\Desktop\LIGHT_RANGER_3_STM32FF7\STemWinLib\Lib\libSTemWin532_CM7_GCC.a(WM.o)
                0x08005d1a                WM_InvalidateWindowAndDescsEx
 .text.WM__InvalidateRect
                0x08005d7e       0x78 C:\Users\Nikolina\Desktop\LIGHT_RANGER_3_STM32FF7\STemWinLib\Lib\libSTemWin532_CM7_GCC.a(WM.o)
                0x08005d7e                WM__InvalidateRect
 .text.WM__InvalidateParent
                0x08005df6       0x2a C:\Users\Nikolina\Desktop\LIGHT_RANGER_3_STM32FF7\STemWinLib\Lib\libSTemWin532_CM7_GCC.a(WM.o)
                0x08005df6                WM__InvalidateParent
 .text.WM__InvalidateRectEx
                0x08005e20        0x6 C:\Users\Nikolina\Desktop\LIGHT_RANGER_3_STM32FF7\STemWinLib\Lib\libSTemWin532_CM7_GCC.a(WM.o)
                0x08005e20                WM__InvalidateRectEx
 .text.WM__DetachWindow
                0x08005e26       0x2a C:\Users\Nikolina\Desktop\LIGHT_RANGER_3_STM32FF7\STemWinLib\Lib\libSTemWin532_CM7_GCC.a(WM.o)
                0x08005e26                WM__DetachWindow
 .text.WM_SendMessage
                0x08005e50        0x8 C:\Users\Nikolina\Desktop\LIGHT_RANGER_3_STM32FF7\STemWinLib\Lib\libSTemWin532_CM7_GCC.a(WM.o)
                0x08005e50                WM_SendMessage
 .text.WM__SendMsgNoData
                0x08005e58       0x16 C:\Users\Nikolina\Desktop\LIGHT_RANGER_3_STM32FF7\STemWinLib\Lib\libSTemWin532_CM7_GCC.a(WM.o)
                0x08005e58                WM__SendMsgNoData
 .text.WM__GetClientRectWin
                0x08005e6e       0x18 C:\Users\Nikolina\Desktop\LIGHT_RANGER_3_STM32FF7\STemWinLib\Lib\libSTemWin532_CM7_GCC.a(WM.o)
                0x08005e6e                WM__GetClientRectWin
 .text.WM_InvalidateRect
                0x08005e86       0x78 C:\Users\Nikolina\Desktop\LIGHT_RANGER_3_STM32FF7\STemWinLib\Lib\libSTemWin532_CM7_GCC.a(WM.o)
                0x08005e86                WM_InvalidateRect
 .text.WM_InvalidateWindow
                0x08005efe        0x6 C:\Users\Nikolina\Desktop\LIGHT_RANGER_3_STM32FF7\STemWinLib\Lib\libSTemWin532_CM7_GCC.a(WM.o)
                0x08005efe                WM_InvalidateWindow
 .text.WM__GetTopLevelLayer
                0x08005f04       0x28 C:\Users\Nikolina\Desktop\LIGHT_RANGER_3_STM32FF7\STemWinLib\Lib\libSTemWin532_CM7_GCC.a(WM.o)
                0x08005f04                WM__GetTopLevelLayer
 .text.WM__SelectTopLevelLayer
                0x08005f2c       0x14 C:\Users\Nikolina\Desktop\LIGHT_RANGER_3_STM32FF7\STemWinLib\Lib\libSTemWin532_CM7_GCC.a(WM.o)
                0x08005f2c                WM__SelectTopLevelLayer
 .text.WM_SelectWindow
                0x08005f40       0x40 C:\Users\Nikolina\Desktop\LIGHT_RANGER_3_STM32FF7\STemWinLib\Lib\libSTemWin532_CM7_GCC.a(WM.o)
                0x08005f40                WM_SelectWindow
 .text.WM_CreateWindowAsChild
                0x08005f80      0x154 C:\Users\Nikolina\Desktop\LIGHT_RANGER_3_STM32FF7\STemWinLib\Lib\libSTemWin532_CM7_GCC.a(WM.o)
                0x08005f80                WM_CreateWindowAsChild
 .text.WM_DeleteWindow
                0x080060d4      0x114 C:\Users\Nikolina\Desktop\LIGHT_RANGER_3_STM32FF7\STemWinLib\Lib\libSTemWin532_CM7_GCC.a(WM.o)
                0x080060d4                WM_DeleteWindow
 .text.WM_GetActiveWindow
                0x080061e8        0xc C:\Users\Nikolina\Desktop\LIGHT_RANGER_3_STM32FF7\STemWinLib\Lib\libSTemWin532_CM7_GCC.a(WM.o)
                0x080061e8                WM_GetActiveWindow
 .text.WM__GetNextIVR
                0x080061f4      0x184 C:\Users\Nikolina\Desktop\LIGHT_RANGER_3_STM32FF7\STemWinLib\Lib\libSTemWin532_CM7_GCC.a(WM.o)
                0x080061f4                WM__GetNextIVR
 .text.WM__InitIVRSearch
                0x08006378       0xfc C:\Users\Nikolina\Desktop\LIGHT_RANGER_3_STM32FF7\STemWinLib\Lib\libSTemWin532_CM7_GCC.a(WM.o)
                0x08006378                WM__InitIVRSearch
 .text.WM_SetDefault
                0x08006474       0x14 C:\Users\Nikolina\Desktop\LIGHT_RANGER_3_STM32FF7\STemWinLib\Lib\libSTemWin532_CM7_GCC.a(WM.o)
                0x08006474                WM_SetDefault
 .text.WM__Paint1
                0x08006488       0x90 C:\Users\Nikolina\Desktop\LIGHT_RANGER_3_STM32FF7\STemWinLib\Lib\libSTemWin532_CM7_GCC.a(WM.o)
                0x08006488                WM__Paint1
 .text.WM__Paint
                0x08006518       0xac C:\Users\Nikolina\Desktop\LIGHT_RANGER_3_STM32FF7\STemWinLib\Lib\libSTemWin532_CM7_GCC.a(WM.o)
                0x08006518                WM__Paint
 .text.WM_Exec  0x080065c4      0x15c C:\Users\Nikolina\Desktop\LIGHT_RANGER_3_STM32FF7\STemWinLib\Lib\libSTemWin532_CM7_GCC.a(WM.o)
                0x080065c4                WM_Exec
 .text.WM_Activate
                0x08006720       0x10 C:\Users\Nikolina\Desktop\LIGHT_RANGER_3_STM32FF7\STemWinLib\Lib\libSTemWin532_CM7_GCC.a(WM.o)
                0x08006720                WM_Activate
 .text.WM_Deactivate
                0x08006730       0x14 C:\Users\Nikolina\Desktop\LIGHT_RANGER_3_STM32FF7\STemWinLib\Lib\libSTemWin532_CM7_GCC.a(WM.o)
                0x08006730                WM_Deactivate
 .text.WM_DefaultProc
                0x08006744       0x48 C:\Users\Nikolina\Desktop\LIGHT_RANGER_3_STM32FF7\STemWinLib\Lib\libSTemWin532_CM7_GCC.a(WM.o)
                0x08006744                WM_DefaultProc
 .text._cbBackWin
                0x0800678c       0x68 C:\Users\Nikolina\Desktop\LIGHT_RANGER_3_STM32FF7\STemWinLib\Lib\libSTemWin532_CM7_GCC.a(WM.o)
 .text.WM_Init  0x080067f4       0xf4 C:\Users\Nikolina\Desktop\LIGHT_RANGER_3_STM32FF7\STemWinLib\Lib\libSTemWin532_CM7_GCC.a(WM.o)
                0x080067f4                WM_Init
 .text.GUI_MEMDEV_WriteAt
                0x080068e8       0x60 C:\Users\Nikolina\Desktop\LIGHT_RANGER_3_STM32FF7\STemWinLib\Lib\libSTemWin532_CM7_GCC.a(GUIDEV_Write.o)
                0x080068e8                GUI_MEMDEV_WriteAt
 .text.GUI_MEMDEV_Write
                0x08006948        0xc C:\Users\Nikolina\Desktop\LIGHT_RANGER_3_STM32FF7\STemWinLib\Lib\libSTemWin532_CM7_GCC.a(GUIDEV_Write.o)
                0x08006948                GUI_MEMDEV_Write
 .text._CreateStaticDevice
                0x08006954      0x170 C:\Users\Nikolina\Desktop\LIGHT_RANGER_3_STM32FF7\STemWinLib\Lib\libSTemWin532_CM7_GCC.a(GUIDEV_StaticDevices.o)
 .text.GUI_MEMDEV_Paint1Static
                0x08006ac4       0x1c C:\Users\Nikolina\Desktop\LIGHT_RANGER_3_STM32FF7\STemWinLib\Lib\libSTemWin532_CM7_GCC.a(GUIDEV_StaticDevices.o)
                0x08006ac4                GUI_MEMDEV_Paint1Static
 .text.GUI_MEMDEV_SetOrg
                0x08006ae0       0x54 C:\Users\Nikolina\Desktop\LIGHT_RANGER_3_STM32FF7\STemWinLib\Lib\libSTemWin532_CM7_GCC.a(GUIDEV_SetOrg.o)
                0x08006ae0                GUI_MEMDEV_SetOrg
 .text.GUI_MEMDEV_GetYSize
                0x08006b34       0x2c C:\Users\Nikolina\Desktop\LIGHT_RANGER_3_STM32FF7\STemWinLib\Lib\libSTemWin532_CM7_GCC.a(GUIDEV_GetYSize.o)
                0x08006b34                GUI_MEMDEV_GetYSize
 .text.GUI_MEMDEV_GetXPos
                0x08006b60       0x2c C:\Users\Nikolina\Desktop\LIGHT_RANGER_3_STM32FF7\STemWinLib\Lib\libSTemWin532_CM7_GCC.a(GUIDEV_GetPos.o)
                0x08006b60                GUI_MEMDEV_GetXPos
 .text.GUI_MEMDEV_GetYPos
                0x08006b8c       0x2c C:\Users\Nikolina\Desktop\LIGHT_RANGER_3_STM32FF7\STemWinLib\Lib\libSTemWin532_CM7_GCC.a(GUIDEV_GetPos.o)
                0x08006b8c                GUI_MEMDEV_GetYPos
 .text.GUI_MEMDEV_GetDataPtr
                0x08006bb8       0x1e C:\Users\Nikolina\Desktop\LIGHT_RANGER_3_STM32FF7\STemWinLib\Lib\libSTemWin532_CM7_GCC.a(GUIDEV_GetDataPtr.o)
                0x08006bb8                GUI_MEMDEV_GetDataPtr
 .text.GUI_MEMDEV_CreateFixed
                0x08006bd6       0x12 C:\Users\Nikolina\Desktop\LIGHT_RANGER_3_STM32FF7\STemWinLib\Lib\libSTemWin532_CM7_GCC.a(GUIDEV_CreateFixed.o)
                0x08006bd6                GUI_MEMDEV_CreateFixed
 .text.GUI_MEMDEV_Clear
                0x08006be8       0x40 C:\Users\Nikolina\Desktop\LIGHT_RANGER_3_STM32FF7\STemWinLib\Lib\libSTemWin532_CM7_GCC.a(GUIDEV_Clear.o)
                0x08006be8                GUI_MEMDEV_Clear
 .text.GUI_MEMDEV_Draw
                0x08006c28      0x150 C:\Users\Nikolina\Desktop\LIGHT_RANGER_3_STM32FF7\STemWinLib\Lib\libSTemWin532_CM7_GCC.a(GUIDEV_Banding.o)
                0x08006c28                GUI_MEMDEV_Draw
 .text._GetDevData
                0x08006d78       0x10 C:\Users\Nikolina\Desktop\LIGHT_RANGER_3_STM32FF7\STemWinLib\Lib\libSTemWin532_CM7_GCC.a(GUIDEV_32.o)
 .text._GetDevFunc
                0x08006d88       0x10 C:\Users\Nikolina\Desktop\LIGHT_RANGER_3_STM32FF7\STemWinLib\Lib\libSTemWin532_CM7_GCC.a(GUIDEV_32.o)
 .text._GetDevProp
                0x08006d98        0xa C:\Users\Nikolina\Desktop\LIGHT_RANGER_3_STM32FF7\STemWinLib\Lib\libSTemWin532_CM7_GCC.a(GUIDEV_32.o)
 .text._SetOrg  0x08006da2        0xc C:\Users\Nikolina\Desktop\LIGHT_RANGER_3_STM32FF7\STemWinLib\Lib\libSTemWin532_CM7_GCC.a(GUIDEV_32.o)
 .text._GetRect
                0x08006dae       0x32 C:\Users\Nikolina\Desktop\LIGHT_RANGER_3_STM32FF7\STemWinLib\Lib\libSTemWin532_CM7_GCC.a(GUIDEV_32.o)
 .text._XY2PTR  0x08006de0       0x40 C:\Users\Nikolina\Desktop\LIGHT_RANGER_3_STM32FF7\STemWinLib\Lib\libSTemWin532_CM7_GCC.a(GUIDEV_32.o)
 .text._GetPixelIndex
                0x08006e20        0xe C:\Users\Nikolina\Desktop\LIGHT_RANGER_3_STM32FF7\STemWinLib\Lib\libSTemWin532_CM7_GCC.a(GUIDEV_32.o)
 *fill*         0x08006e2e        0x2 
 .text._XorPixel
                0x08006e30       0x5c C:\Users\Nikolina\Desktop\LIGHT_RANGER_3_STM32FF7\STemWinLib\Lib\libSTemWin532_CM7_GCC.a(GUIDEV_32.o)
 .text._SetPixelIndex
                0x08006e8c       0x4c C:\Users\Nikolina\Desktop\LIGHT_RANGER_3_STM32FF7\STemWinLib\Lib\libSTemWin532_CM7_GCC.a(GUIDEV_32.o)
 .text._DrawVLine
                0x08006ed8       0xbc C:\Users\Nikolina\Desktop\LIGHT_RANGER_3_STM32FF7\STemWinLib\Lib\libSTemWin532_CM7_GCC.a(GUIDEV_32.o)
 .text._FillRect
                0x08006f94       0xb8 C:\Users\Nikolina\Desktop\LIGHT_RANGER_3_STM32FF7\STemWinLib\Lib\libSTemWin532_CM7_GCC.a(GUIDEV_32.o)
 .text._DrawHLine
                0x0800704c        0xe C:\Users\Nikolina\Desktop\LIGHT_RANGER_3_STM32FF7\STemWinLib\Lib\libSTemWin532_CM7_GCC.a(GUIDEV_32.o)
 *fill*         0x0800705a        0x2 
 .text._DrawBitmap
                0x0800705c      0x738 C:\Users\Nikolina\Desktop\LIGHT_RANGER_3_STM32FF7\STemWinLib\Lib\libSTemWin532_CM7_GCC.a(GUIDEV_32.o)
 .text.GUI_MEMDEV__WriteToActiveAt
                0x08007794       0x38 C:\Users\Nikolina\Desktop\LIGHT_RANGER_3_STM32FF7\STemWinLib\Lib\libSTemWin532_CM7_GCC.a(GUIDEV.o)
                0x08007794                GUI_MEMDEV__WriteToActiveAt
 .text.GUI_MEMDEV__CreateFixed
                0x080077cc      0x104 C:\Users\Nikolina\Desktop\LIGHT_RANGER_3_STM32FF7\STemWinLib\Lib\libSTemWin532_CM7_GCC.a(GUIDEV.o)
                0x080077cc                GUI_MEMDEV__CreateFixed
 .text.GUI_MEMDEV_GetBitsPerPixel
                0x080078d0       0x2a C:\Users\Nikolina\Desktop\LIGHT_RANGER_3_STM32FF7\STemWinLib\Lib\libSTemWin532_CM7_GCC.a(GUIDEV.o)
                0x080078d0                GUI_MEMDEV_GetBitsPerPixel
 *fill*         0x080078fa        0x2 
 .text.GUI_MEMDEV_Delete
                0x080078fc       0x44 C:\Users\Nikolina\Desktop\LIGHT_RANGER_3_STM32FF7\STemWinLib\Lib\libSTemWin532_CM7_GCC.a(GUIDEV.o)
                0x080078fc                GUI_MEMDEV_Delete
 .text.GUI_MEMDEV_CreateEx
                0x08007940       0x78 C:\Users\Nikolina\Desktop\LIGHT_RANGER_3_STM32FF7\STemWinLib\Lib\libSTemWin532_CM7_GCC.a(GUIDEV.o)
                0x08007940                GUI_MEMDEV_CreateEx
 .text.GUI_MEMDEV_Create
                0x080079b8        0xe C:\Users\Nikolina\Desktop\LIGHT_RANGER_3_STM32FF7\STemWinLib\Lib\libSTemWin532_CM7_GCC.a(GUIDEV.o)
                0x080079b8                GUI_MEMDEV_Create
 *fill*         0x080079c6        0x2 
 .text.GUI_MEMDEV_Select
                0x080079c8       0x4c C:\Users\Nikolina\Desktop\LIGHT_RANGER_3_STM32FF7\STemWinLib\Lib\libSTemWin532_CM7_GCC.a(GUIDEV.o)
                0x080079c8                GUI_MEMDEV_Select
 .text.GUI_MEMDEV_CopyToLCDAt
                0x08007a14       0xa4 C:\Users\Nikolina\Desktop\LIGHT_RANGER_3_STM32FF7\STemWinLib\Lib\libSTemWin532_CM7_GCC.a(GUIDEV.o)
                0x08007a14                GUI_MEMDEV_CopyToLCDAt
 .text.GUI_MEMDEV_CopyToLCD
                0x08007ab8        0xc C:\Users\Nikolina\Desktop\LIGHT_RANGER_3_STM32FF7\STemWinLib\Lib\libSTemWin532_CM7_GCC.a(GUIDEV.o)
                0x08007ab8                GUI_MEMDEV_CopyToLCD
 .text._SetPhysRAMAddr
                0x08007ac4       0xc0 C:\Users\Nikolina\Desktop\LIGHT_RANGER_3_STM32FF7\STemWinLib\Lib\libSTemWin532_CM7_GCC.a(GUIDRV_FlexColor_Func66720.o)
 .text._SetRect
                0x08007b84      0x176 C:\Users\Nikolina\Desktop\LIGHT_RANGER_3_STM32FF7\STemWinLib\Lib\libSTemWin532_CM7_GCC.a(GUIDRV_FlexColor_Func66720.o)
 *fill*         0x08007cfa        0x2 
 .text._SetOrientation
                0x08007cfc       0x3c C:\Users\Nikolina\Desktop\LIGHT_RANGER_3_STM32FF7\STemWinLib\Lib\libSTemWin532_CM7_GCC.a(GUIDRV_FlexColor_Func66720.o)
 .text._ReadPixel_16bpp_B8
                0x08007d38       0x38 C:\Users\Nikolina\Desktop\LIGHT_RANGER_3_STM32FF7\STemWinLib\Lib\libSTemWin532_CM7_GCC.a(GUIDRV_FlexColor_Func66720.o)
 .text._ReadPixel_16bpp_B16_I
                0x08007d70       0x3e C:\Users\Nikolina\Desktop\LIGHT_RANGER_3_STM32FF7\STemWinLib\Lib\libSTemWin532_CM7_GCC.a(GUIDRV_FlexColor_Func66720.o)
 .text._SetReg_B8
                0x08007dae       0x18 C:\Users\Nikolina\Desktop\LIGHT_RANGER_3_STM32FF7\STemWinLib\Lib\libSTemWin532_CM7_GCC.a(GUIDRV_FlexColor_Func66720.o)
 .text._SetReg_B16
                0x08007dc6        0xc C:\Users\Nikolina\Desktop\LIGHT_RANGER_3_STM32FF7\STemWinLib\Lib\libSTemWin532_CM7_GCC.a(GUIDRV_FlexColor_Func66720.o)
 .text._WritePara_B8
                0x08007dd2        0xc C:\Users\Nikolina\Desktop\LIGHT_RANGER_3_STM32FF7\STemWinLib\Lib\libSTemWin532_CM7_GCC.a(GUIDRV_FlexColor_Func66720.o)
 .text._WritePara_B16
                0x08007dde        0xc C:\Users\Nikolina\Desktop\LIGHT_RANGER_3_STM32FF7\STemWinLib\Lib\libSTemWin532_CM7_GCC.a(GUIDRV_FlexColor_Func66720.o)
 *fill*         0x08007dea        0x2 
 .text._SetInterface
                0x08007dec       0x34 C:\Users\Nikolina\Desktop\LIGHT_RANGER_3_STM32FF7\STemWinLib\Lib\libSTemWin532_CM7_GCC.a(GUIDRV_FlexColor_Func66720.o)
 .text._ReadRect_16bpp_B8
                0x08007e20       0x60 C:\Users\Nikolina\Desktop\LIGHT_RANGER_3_STM32FF7\STemWinLib\Lib\libSTemWin532_CM7_GCC.a(GUIDRV_FlexColor_Func66720.o)
 .text._ReadRect_16bpp_B16_I
                0x08007e80       0x62 C:\Users\Nikolina\Desktop\LIGHT_RANGER_3_STM32FF7\STemWinLib\Lib\libSTemWin532_CM7_GCC.a(GUIDRV_FlexColor_Func66720.o)
 *fill*         0x08007ee2        0x2 
 .text.GUIDRV_FlexColor_SetFunc66720
                0x08007ee4       0x74 C:\Users\Nikolina\Desktop\LIGHT_RANGER_3_STM32FF7\STemWinLib\Lib\libSTemWin532_CM7_GCC.a(GUIDRV_FlexColor_Func66720.o)
                0x08007ee4                GUIDRV_FlexColor_SetFunc66720
 .text._ReadData
                0x08007f58        0xa C:\Users\Nikolina\Desktop\LIGHT_RANGER_3_STM32FF7\STemWinLib\Lib\libSTemWin532_CM7_GCC.a(GUIDRV_FlexColor_16bpp_C0B16.o)
 .text._WriteData
                0x08007f62        0xc C:\Users\Nikolina\Desktop\LIGHT_RANGER_3_STM32FF7\STemWinLib\Lib\libSTemWin532_CM7_GCC.a(GUIDRV_FlexColor_16bpp_C0B16.o)
 *fill*         0x08007f6e        0x2 
 .text._FillRect
                0x08007f70      0x100 C:\Users\Nikolina\Desktop\LIGHT_RANGER_3_STM32FF7\STemWinLib\Lib\libSTemWin532_CM7_GCC.a(GUIDRV_FlexColor_16bpp_C0B16.o)
 .text._DrawBitmap
                0x08008070      0x510 C:\Users\Nikolina\Desktop\LIGHT_RANGER_3_STM32FF7\STemWinLib\Lib\libSTemWin532_CM7_GCC.a(GUIDRV_FlexColor_16bpp_C0B16.o)
 .text.GUIDRV_FlexColor_SetMode16bppC0B16
                0x08008580       0x68 C:\Users\Nikolina\Desktop\LIGHT_RANGER_3_STM32FF7\STemWinLib\Lib\libSTemWin532_CM7_GCC.a(GUIDRV_FlexColor_16bpp_C0B16.o)
                0x08008580                GUIDRV_FlexColor_SetMode16bppC0B16
 .text._Log2PhysX_X0Y0S0
                0x080085e8        0x4 C:\Users\Nikolina\Desktop\LIGHT_RANGER_3_STM32FF7\STemWinLib\Lib\libSTemWin532_CM7_GCC.a(GUIDRV_FlexColor.o)
 .text._Log2PhysX_X1Y0S0
                0x080085ec        0x8 C:\Users\Nikolina\Desktop\LIGHT_RANGER_3_STM32FF7\STemWinLib\Lib\libSTemWin532_CM7_GCC.a(GUIDRV_FlexColor.o)
 .text._Log2PhysX_X0Y1S0
                0x080085f4        0x4 C:\Users\Nikolina\Desktop\LIGHT_RANGER_3_STM32FF7\STemWinLib\Lib\libSTemWin532_CM7_GCC.a(GUIDRV_FlexColor.o)
 .text._Log2PhysX_X1Y1S0
                0x080085f8        0x8 C:\Users\Nikolina\Desktop\LIGHT_RANGER_3_STM32FF7\STemWinLib\Lib\libSTemWin532_CM7_GCC.a(GUIDRV_FlexColor.o)
 .text._Log2PhysX_X0Y0S1
                0x08008600        0x4 C:\Users\Nikolina\Desktop\LIGHT_RANGER_3_STM32FF7\STemWinLib\Lib\libSTemWin532_CM7_GCC.a(GUIDRV_FlexColor.o)
 .text._Log2PhysX_X1Y0S1
                0x08008604        0x8 C:\Users\Nikolina\Desktop\LIGHT_RANGER_3_STM32FF7\STemWinLib\Lib\libSTemWin532_CM7_GCC.a(GUIDRV_FlexColor.o)
 .text._Log2PhysX_X0Y1S1
                0x0800860c        0x4 C:\Users\Nikolina\Desktop\LIGHT_RANGER_3_STM32FF7\STemWinLib\Lib\libSTemWin532_CM7_GCC.a(GUIDRV_FlexColor.o)
 .text._Log2PhysX_X1Y1S1
                0x08008610        0x8 C:\Users\Nikolina\Desktop\LIGHT_RANGER_3_STM32FF7\STemWinLib\Lib\libSTemWin532_CM7_GCC.a(GUIDRV_FlexColor.o)
 .text._Log2PhysY_X0Y0S0
                0x08008618        0x4 C:\Users\Nikolina\Desktop\LIGHT_RANGER_3_STM32FF7\STemWinLib\Lib\libSTemWin532_CM7_GCC.a(GUIDRV_FlexColor.o)
 .text._Log2PhysY_X1Y0S0
                0x0800861c        0x4 C:\Users\Nikolina\Desktop\LIGHT_RANGER_3_STM32FF7\STemWinLib\Lib\libSTemWin532_CM7_GCC.a(GUIDRV_FlexColor.o)
 .text._Log2PhysY_X0Y1S0
                0x08008620        0x8 C:\Users\Nikolina\Desktop\LIGHT_RANGER_3_STM32FF7\STemWinLib\Lib\libSTemWin532_CM7_GCC.a(GUIDRV_FlexColor.o)
 .text._Log2PhysY_X1Y1S0
                0x08008628        0x8 C:\Users\Nikolina\Desktop\LIGHT_RANGER_3_STM32FF7\STemWinLib\Lib\libSTemWin532_CM7_GCC.a(GUIDRV_FlexColor.o)
 .text._Log2PhysY_X0Y0S1
                0x08008630        0x4 C:\Users\Nikolina\Desktop\LIGHT_RANGER_3_STM32FF7\STemWinLib\Lib\libSTemWin532_CM7_GCC.a(GUIDRV_FlexColor.o)
 .text._Log2PhysY_X1Y0S1
                0x08008634        0x4 C:\Users\Nikolina\Desktop\LIGHT_RANGER_3_STM32FF7\STemWinLib\Lib\libSTemWin532_CM7_GCC.a(GUIDRV_FlexColor.o)
 .text._Log2PhysY_X0Y1S1
                0x08008638        0x8 C:\Users\Nikolina\Desktop\LIGHT_RANGER_3_STM32FF7\STemWinLib\Lib\libSTemWin532_CM7_GCC.a(GUIDRV_FlexColor.o)
 .text._Log2PhysY_X1Y1S1
                0x08008640        0x8 C:\Users\Nikolina\Desktop\LIGHT_RANGER_3_STM32FF7\STemWinLib\Lib\libSTemWin532_CM7_GCC.a(GUIDRV_FlexColor.o)
 .text._SetPixelIndex
                0x08008648        0xc C:\Users\Nikolina\Desktop\LIGHT_RANGER_3_STM32FF7\STemWinLib\Lib\libSTemWin532_CM7_GCC.a(GUIDRV_FlexColor.o)
 .text._GetPixelIndex
                0x08008654        0xc C:\Users\Nikolina\Desktop\LIGHT_RANGER_3_STM32FF7\STemWinLib\Lib\libSTemWin532_CM7_GCC.a(GUIDRV_FlexColor.o)
 .text._XorPixel
                0x08008660       0x28 C:\Users\Nikolina\Desktop\LIGHT_RANGER_3_STM32FF7\STemWinLib\Lib\libSTemWin532_CM7_GCC.a(GUIDRV_FlexColor.o)
 .text._DrawHLine
                0x08008688       0x10 C:\Users\Nikolina\Desktop\LIGHT_RANGER_3_STM32FF7\STemWinLib\Lib\libSTemWin532_CM7_GCC.a(GUIDRV_FlexColor.o)
 .text._DrawVLine
                0x08008698       0x12 C:\Users\Nikolina\Desktop\LIGHT_RANGER_3_STM32FF7\STemWinLib\Lib\libSTemWin532_CM7_GCC.a(GUIDRV_FlexColor.o)
 .text._FillRect
                0x080086aa       0x12 C:\Users\Nikolina\Desktop\LIGHT_RANGER_3_STM32FF7\STemWinLib\Lib\libSTemWin532_CM7_GCC.a(GUIDRV_FlexColor.o)
 .text._DrawBitmap
                0x080086bc       0x28 C:\Users\Nikolina\Desktop\LIGHT_RANGER_3_STM32FF7\STemWinLib\Lib\libSTemWin532_CM7_GCC.a(GUIDRV_FlexColor.o)
 .text._GetDevFunc_SetRect
                0x080086e4        0x2 C:\Users\Nikolina\Desktop\LIGHT_RANGER_3_STM32FF7\STemWinLib\Lib\libSTemWin532_CM7_GCC.a(GUIDRV_FlexColor.o)
 *fill*         0x080086e6        0x2 
 .text._GetDevFunc_SetRectOutside
                0x080086e8       0x40 C:\Users\Nikolina\Desktop\LIGHT_RANGER_3_STM32FF7\STemWinLib\Lib\libSTemWin532_CM7_GCC.a(GUIDRV_FlexColor.o)
 .text._ReadPixelCust_16bpp
                0x08008728        0xe C:\Users\Nikolina\Desktop\LIGHT_RANGER_3_STM32FF7\STemWinLib\Lib\libSTemWin532_CM7_GCC.a(GUIDRV_FlexColor.o)
 .text._ReadPixelCust_18bpp
                0x08008736        0xe C:\Users\Nikolina\Desktop\LIGHT_RANGER_3_STM32FF7\STemWinLib\Lib\libSTemWin532_CM7_GCC.a(GUIDRV_FlexColor.o)
 .text._ReadRectCust_16bpp
                0x08008744       0x36 C:\Users\Nikolina\Desktop\LIGHT_RANGER_3_STM32FF7\STemWinLib\Lib\libSTemWin532_CM7_GCC.a(GUIDRV_FlexColor.o)
 .text._ReadRectCust_18bpp
                0x0800877a       0x36 C:\Users\Nikolina\Desktop\LIGHT_RANGER_3_STM32FF7\STemWinLib\Lib\libSTemWin532_CM7_GCC.a(GUIDRV_FlexColor.o)
 .text._GetDevFunc
                0x080087b0       0x6c C:\Users\Nikolina\Desktop\LIGHT_RANGER_3_STM32FF7\STemWinLib\Lib\libSTemWin532_CM7_GCC.a(GUIDRV_FlexColor.o)
 .text._GetDevProp
                0x0800881c       0x5a C:\Users\Nikolina\Desktop\LIGHT_RANGER_3_STM32FF7\STemWinLib\Lib\libSTemWin532_CM7_GCC.a(GUIDRV_FlexColor.o)
 .text._GetDevData
                0x08008876        0xc C:\Users\Nikolina\Desktop\LIGHT_RANGER_3_STM32FF7\STemWinLib\Lib\libSTemWin532_CM7_GCC.a(GUIDRV_FlexColor.o)
 .text._GetRect
                0x08008882       0x16 C:\Users\Nikolina\Desktop\LIGHT_RANGER_3_STM32FF7\STemWinLib\Lib\libSTemWin532_CM7_GCC.a(GUIDRV_FlexColor.o)
 .text.GUIDRV_FlexColor__SetLog2Phys
                0x08008898       0x48 C:\Users\Nikolina\Desktop\LIGHT_RANGER_3_STM32FF7\STemWinLib\Lib\libSTemWin532_CM7_GCC.a(GUIDRV_FlexColor.o)
                0x08008898                GUIDRV_FlexColor__SetLog2Phys
 .text._SetOrg  0x080088e0       0x16 C:\Users\Nikolina\Desktop\LIGHT_RANGER_3_STM32FF7\STemWinLib\Lib\libSTemWin532_CM7_GCC.a(GUIDRV_FlexColor.o)
 .text.GUIDRV_FlexColor__SetPixelIndexNoCache
                0x080088f6       0x90 C:\Users\Nikolina\Desktop\LIGHT_RANGER_3_STM32FF7\STemWinLib\Lib\libSTemWin532_CM7_GCC.a(GUIDRV_FlexColor.o)
                0x080088f6                GUIDRV_FlexColor__SetPixelIndexNoCache
 .text.GUIDRV_FlexColor__GetPixelIndexNoCache
                0x08008986       0xb2 C:\Users\Nikolina\Desktop\LIGHT_RANGER_3_STM32FF7\STemWinLib\Lib\libSTemWin532_CM7_GCC.a(GUIDRV_FlexColor.o)
                0x08008986                GUIDRV_FlexColor__GetPixelIndexNoCache
 .text.GUIDRV_FlexColor__InitOnce
                0x08008a38       0x34 C:\Users\Nikolina\Desktop\LIGHT_RANGER_3_STM32FF7\STemWinLib\Lib\libSTemWin532_CM7_GCC.a(GUIDRV_FlexColor.o)
                0x08008a38                GUIDRV_FlexColor__InitOnce
 .text._SetDevFunc
                0x08008a6c       0x9c C:\Users\Nikolina\Desktop\LIGHT_RANGER_3_STM32FF7\STemWinLib\Lib\libSTemWin532_CM7_GCC.a(GUIDRV_FlexColor.o)
 .text._GetDevFunc_Init
                0x08008b08       0x4a C:\Users\Nikolina\Desktop\LIGHT_RANGER_3_STM32FF7\STemWinLib\Lib\libSTemWin532_CM7_GCC.a(GUIDRV_FlexColor.o)
 .text._GetDevFunc_SetSize
                0x08008b52       0x14 C:\Users\Nikolina\Desktop\LIGHT_RANGER_3_STM32FF7\STemWinLib\Lib\libSTemWin532_CM7_GCC.a(GUIDRV_FlexColor.o)
 .text._GetDevFunc_SetVSize
                0x08008b66       0x14 C:\Users\Nikolina\Desktop\LIGHT_RANGER_3_STM32FF7\STemWinLib\Lib\libSTemWin532_CM7_GCC.a(GUIDRV_FlexColor.o)
 .text.GUIDRV_FlexColor_Config
                0x08008b7a       0x3c C:\Users\Nikolina\Desktop\LIGHT_RANGER_3_STM32FF7\STemWinLib\Lib\libSTemWin532_CM7_GCC.a(GUIDRV_FlexColor.o)
                0x08008b7a                GUIDRV_FlexColor_Config
 .text.GUIDRV_FlexColor_SetFunc
                0x08008bb6       0x32 C:\Users\Nikolina\Desktop\LIGHT_RANGER_3_STM32FF7\STemWinLib\Lib\libSTemWin532_CM7_GCC.a(GUIDRV_FlexColor.o)
                0x08008bb6                GUIDRV_FlexColor_SetFunc
 .text.LCD_UpdateColorIndices
                0x08008be8       0x24 C:\Users\Nikolina\Desktop\LIGHT_RANGER_3_STM32FF7\STemWinLib\Lib\libSTemWin532_CM7_GCC.a(LCD_UpdateColorIndices.o)
                0x08008be8                LCD_UpdateColorIndices
 .text.LCD_SetClipRectEx
                0x08008c0c       0x30 C:\Users\Nikolina\Desktop\LIGHT_RANGER_3_STM32FF7\STemWinLib\Lib\libSTemWin532_CM7_GCC.a(LCD_SetClipRectEx.o)
                0x08008c0c                LCD_SetClipRectEx
 .text.LCD_SetVSizeEx
                0x08008c3c       0x30 C:\Users\Nikolina\Desktop\LIGHT_RANGER_3_STM32FF7\STemWinLib\Lib\libSTemWin532_CM7_GCC.a(LCD_Set.o)
                0x08008c3c                LCD_SetVSizeEx
 .text.LCD_SetSizeEx
                0x08008c6c       0x30 C:\Users\Nikolina\Desktop\LIGHT_RANGER_3_STM32FF7\STemWinLib\Lib\libSTemWin532_CM7_GCC.a(LCD_Set.o)
                0x08008c6c                LCD_SetSizeEx
 .text.LCD_SetPosEx
                0x08008c9c       0x30 C:\Users\Nikolina\Desktop\LIGHT_RANGER_3_STM32FF7\STemWinLib\Lib\libSTemWin532_CM7_GCC.a(LCD_Set.o)
                0x08008c9c                LCD_SetPosEx
 .text.LCD_SetLUTEntryEx
                0x08008ccc       0x30 C:\Users\Nikolina\Desktop\LIGHT_RANGER_3_STM32FF7\STemWinLib\Lib\libSTemWin532_CM7_GCC.a(LCD_Set.o)
                0x08008ccc                LCD_SetLUTEntryEx
 .text.LCD_GetPosEx
                0x08008cfc       0x30 C:\Users\Nikolina\Desktop\LIGHT_RANGER_3_STM32FF7\STemWinLib\Lib\libSTemWin532_CM7_GCC.a(LCD_Set.o)
                0x08008cfc                LCD_GetPosEx
 .text._GetDevProp
                0x08008d2c       0x1e C:\Users\Nikolina\Desktop\LIGHT_RANGER_3_STM32FF7\STemWinLib\Lib\libSTemWin532_CM7_GCC.a(LCD_GetEx.o)
 .text._GetMaxValue
                0x08008d4a       0x22 C:\Users\Nikolina\Desktop\LIGHT_RANGER_3_STM32FF7\STemWinLib\Lib\libSTemWin532_CM7_GCC.a(LCD_GetEx.o)
 .text.LCD_GetXSizeEx
                0x08008d6c        0x6 C:\Users\Nikolina\Desktop\LIGHT_RANGER_3_STM32FF7\STemWinLib\Lib\libSTemWin532_CM7_GCC.a(LCD_GetEx.o)
                0x08008d6c                LCD_GetXSizeEx
 .text.LCD_GetYSizeEx
                0x08008d72        0x6 C:\Users\Nikolina\Desktop\LIGHT_RANGER_3_STM32FF7\STemWinLib\Lib\libSTemWin532_CM7_GCC.a(LCD_GetEx.o)
                0x08008d72                LCD_GetYSizeEx
 .text.LCD_GetVXSizeEx
                0x08008d78        0x6 C:\Users\Nikolina\Desktop\LIGHT_RANGER_3_STM32FF7\STemWinLib\Lib\libSTemWin532_CM7_GCC.a(LCD_GetEx.o)
                0x08008d78                LCD_GetVXSizeEx
 .text.LCD_GetVYSizeEx
                0x08008d7e        0x6 C:\Users\Nikolina\Desktop\LIGHT_RANGER_3_STM32FF7\STemWinLib\Lib\libSTemWin532_CM7_GCC.a(LCD_GetEx.o)
                0x08008d7e                LCD_GetVYSizeEx
 .text.LCD_GetBitsPerPixelEx
                0x08008d84        0x6 C:\Users\Nikolina\Desktop\LIGHT_RANGER_3_STM32FF7\STemWinLib\Lib\libSTemWin532_CM7_GCC.a(LCD_GetEx.o)
                0x08008d84                LCD_GetBitsPerPixelEx
 .text.LCD_GetNumColorsEx
                0x08008d8a        0x6 C:\Users\Nikolina\Desktop\LIGHT_RANGER_3_STM32FF7\STemWinLib\Lib\libSTemWin532_CM7_GCC.a(LCD_GetEx.o)
                0x08008d8a                LCD_GetNumColorsEx
 .text.LCD_GetXSize
                0x08008d90       0x10 C:\Users\Nikolina\Desktop\LIGHT_RANGER_3_STM32FF7\STemWinLib\Lib\libSTemWin532_CM7_GCC.a(LCD_GetEx.o)
                0x08008d90                LCD_GetXSize
 .text.LCD_GetYSize
                0x08008da0       0x10 C:\Users\Nikolina\Desktop\LIGHT_RANGER_3_STM32FF7\STemWinLib\Lib\libSTemWin532_CM7_GCC.a(LCD_GetEx.o)
                0x08008da0                LCD_GetYSize
 .text.LCD_GetNumColors
                0x08008db0       0x10 C:\Users\Nikolina\Desktop\LIGHT_RANGER_3_STM32FF7\STemWinLib\Lib\libSTemWin532_CM7_GCC.a(LCD_GetEx.o)
                0x08008db0                LCD_GetNumColors
 .text.GUI_GetBitsPerPixelEx
                0x08008dc0       0x18 C:\Users\Nikolina\Desktop\LIGHT_RANGER_3_STM32FF7\STemWinLib\Lib\libSTemWin532_CM7_GCC.a(LCD_GetEx.o)
                0x08008dc0                GUI_GetBitsPerPixelEx
 .text.LCD_GetPaletteEx
                0x08008dd8       0x14 C:\Users\Nikolina\Desktop\LIGHT_RANGER_3_STM32FF7\STemWinLib\Lib\libSTemWin532_CM7_GCC.a(LCD_GetEx.o)
                0x08008dd8                LCD_GetPaletteEx
 .text.LCD_GetPalette
                0x08008dec       0x10 C:\Users\Nikolina\Desktop\LIGHT_RANGER_3_STM32FF7\STemWinLib\Lib\libSTemWin532_CM7_GCC.a(LCD_GetEx.o)
                0x08008dec                LCD_GetPalette
 .text.GUI_GetpfIndex2ColorEx
                0x08008dfc       0x10 C:\Users\Nikolina\Desktop\LIGHT_RANGER_3_STM32FF7\STemWinLib\Lib\libSTemWin532_CM7_GCC.a(LCD_GetEx.o)
                0x08008dfc                GUI_GetpfIndex2ColorEx
 .text.LCD_GetpfColor2IndexEx
                0x08008e0c        0xe C:\Users\Nikolina\Desktop\LIGHT_RANGER_3_STM32FF7\STemWinLib\Lib\libSTemWin532_CM7_GCC.a(LCD_GetEx.o)
                0x08008e0c                LCD_GetpfColor2IndexEx
 *fill*         0x08008e1a        0x2 
 .text.GUI_GetpfColor2IndexEx
                0x08008e1c       0x10 C:\Users\Nikolina\Desktop\LIGHT_RANGER_3_STM32FF7\STemWinLib\Lib\libSTemWin532_CM7_GCC.a(LCD_GetEx.o)
                0x08008e1c                GUI_GetpfColor2IndexEx
 .text.LCD_GetXSizeMax
                0x08008e2c        0x6 C:\Users\Nikolina\Desktop\LIGHT_RANGER_3_STM32FF7\STemWinLib\Lib\libSTemWin532_CM7_GCC.a(LCD_GetEx.o)
                0x08008e2c                LCD_GetXSizeMax
 .text.LCD_GetYSizeMax
                0x08008e32        0x6 C:\Users\Nikolina\Desktop\LIGHT_RANGER_3_STM32FF7\STemWinLib\Lib\libSTemWin532_CM7_GCC.a(LCD_GetEx.o)
                0x08008e32                LCD_GetYSizeMax
 .text.LCD_GetVXSizeMax
                0x08008e38        0x6 C:\Users\Nikolina\Desktop\LIGHT_RANGER_3_STM32FF7\STemWinLib\Lib\libSTemWin532_CM7_GCC.a(LCD_GetEx.o)
                0x08008e38                LCD_GetVXSizeMax
 *fill*         0x08008e3e        0x2 
 .text.LCD_SetDisplaySize
                0x08008e40       0x14 C:\Users\Nikolina\Desktop\LIGHT_RANGER_3_STM32FF7\STemWinLib\Lib\libSTemWin532_CM7_GCC.a(LCD_GetEx.o)
                0x08008e40                LCD_SetDisplaySize
 .text.LCD_GetXSizeDisplay
                0x08008e54        0xc C:\Users\Nikolina\Desktop\LIGHT_RANGER_3_STM32FF7\STemWinLib\Lib\libSTemWin532_CM7_GCC.a(LCD_GetEx.o)
                0x08008e54                LCD_GetXSizeDisplay
 .text.LCD_GetYSizeDisplay
                0x08008e60        0xc C:\Users\Nikolina\Desktop\LIGHT_RANGER_3_STM32FF7\STemWinLib\Lib\libSTemWin532_CM7_GCC.a(LCD_GetEx.o)
                0x08008e60                LCD_GetYSizeDisplay
 .text.LCD__GetBPP
                0x08008e6c       0x7e C:\Users\Nikolina\Desktop\LIGHT_RANGER_3_STM32FF7\STemWinLib\Lib\libSTemWin532_CM7_GCC.a(LCD_GetEx.o)
                0x08008e6c                LCD__GetBPP
 .text.LCD__GetBPPDevice
                0x08008eea       0x2c C:\Users\Nikolina\Desktop\LIGHT_RANGER_3_STM32FF7\STemWinLib\Lib\libSTemWin532_CM7_GCC.a(LCD_GetEx.o)
                0x08008eea                LCD__GetBPPDevice
 *fill*         0x08008f16        0x2 
 .text._SetDrawMode
                0x08008f18       0x28 C:\Users\Nikolina\Desktop\LIGHT_RANGER_3_STM32FF7\STemWinLib\Lib\libSTemWin532_CM7_GCC.a(LCD.o)
 .text.LCD_SetDrawMode
                0x08008f40       0x10 C:\Users\Nikolina\Desktop\LIGHT_RANGER_3_STM32FF7\STemWinLib\Lib\libSTemWin532_CM7_GCC.a(LCD.o)
                0x08008f40                LCD_SetDrawMode
 .text.LCD_DrawPixel
                0x08008f50       0x5c C:\Users\Nikolina\Desktop\LIGHT_RANGER_3_STM32FF7\STemWinLib\Lib\libSTemWin532_CM7_GCC.a(LCD.o)
                0x08008f50                LCD_DrawPixel
 .text.LCD_DrawHLine
                0x08008fac       0x4c C:\Users\Nikolina\Desktop\LIGHT_RANGER_3_STM32FF7\STemWinLib\Lib\libSTemWin532_CM7_GCC.a(LCD.o)
                0x08008fac                LCD_DrawHLine
 .text.LCD_DrawVLine
                0x08008ff8       0x4c C:\Users\Nikolina\Desktop\LIGHT_RANGER_3_STM32FF7\STemWinLib\Lib\libSTemWin532_CM7_GCC.a(LCD.o)
                0x08008ff8                LCD_DrawVLine
 .text.LCD_FillRect
                0x08009044       0x58 C:\Users\Nikolina\Desktop\LIGHT_RANGER_3_STM32FF7\STemWinLib\Lib\libSTemWin532_CM7_GCC.a(LCD.o)
                0x08009044                LCD_FillRect
 .text.LCD__DrawBitmap_1bpp
                0x0800909c      0x1b8 C:\Users\Nikolina\Desktop\LIGHT_RANGER_3_STM32FF7\STemWinLib\Lib\libSTemWin532_CM7_GCC.a(LCD.o)
                0x0800909c                LCD__DrawBitmap_1bpp
 .text.LCD_DrawBitmap
                0x08009254      0x218 C:\Users\Nikolina\Desktop\LIGHT_RANGER_3_STM32FF7\STemWinLib\Lib\libSTemWin532_CM7_GCC.a(LCD.o)
                0x08009254                LCD_DrawBitmap
 .text.LCD_SetClipRectMax
                0x0800946c       0x20 C:\Users\Nikolina\Desktop\LIGHT_RANGER_3_STM32FF7\STemWinLib\Lib\libSTemWin532_CM7_GCC.a(LCD.o)
                0x0800946c                LCD_SetClipRectMax
 .text.emWin_LCD_Init
                0x0800948c       0x92 C:\Users\Nikolina\Desktop\LIGHT_RANGER_3_STM32FF7\STemWinLib\Lib\libSTemWin532_CM7_GCC.a(LCD.o)
                0x0800948c                emWin_LCD_Init
 *fill*         0x0800951e        0x2 
 .text.LCD_Color2Index
                0x08009520       0x20 C:\Users\Nikolina\Desktop\LIGHT_RANGER_3_STM32FF7\STemWinLib\Lib\libSTemWin532_CM7_GCC.a(LCD.o)
                0x08009520                LCD_Color2Index
 .text.LCD_Index2Color
                0x08009540       0x20 C:\Users\Nikolina\Desktop\LIGHT_RANGER_3_STM32FF7\STemWinLib\Lib\libSTemWin532_CM7_GCC.a(LCD.o)
                0x08009540                LCD_Index2Color
 .text.LCD_SetColorIndex
                0x08009560       0x18 C:\Users\Nikolina\Desktop\LIGHT_RANGER_3_STM32FF7\STemWinLib\Lib\libSTemWin532_CM7_GCC.a(LCD.o)
                0x08009560                LCD_SetColorIndex
 .text._SetColor
                0x08009578       0x20 C:\Users\Nikolina\Desktop\LIGHT_RANGER_3_STM32FF7\STemWinLib\Lib\libSTemWin532_CM7_GCC.a(LCD.o)
 .text.LCD_SetBkColorIndex
                0x08009598       0x18 C:\Users\Nikolina\Desktop\LIGHT_RANGER_3_STM32FF7\STemWinLib\Lib\libSTemWin532_CM7_GCC.a(LCD.o)
                0x08009598                LCD_SetBkColorIndex
 .text._SetBkColor
                0x080095b0       0x20 C:\Users\Nikolina\Desktop\LIGHT_RANGER_3_STM32FF7\STemWinLib\Lib\libSTemWin532_CM7_GCC.a(LCD.o)
 .text.LCD_SetBkColor
                0x080095d0       0x10 C:\Users\Nikolina\Desktop\LIGHT_RANGER_3_STM32FF7\STemWinLib\Lib\libSTemWin532_CM7_GCC.a(LCD.o)
                0x080095d0                LCD_SetBkColor
 .text.LCD_SetColor
                0x080095e0       0x10 C:\Users\Nikolina\Desktop\LIGHT_RANGER_3_STM32FF7\STemWinLib\Lib\libSTemWin532_CM7_GCC.a(LCD.o)
                0x080095e0                LCD_SetColor
 .text.GUI__memset16
                0x080095f0       0x5c C:\Users\Nikolina\Desktop\LIGHT_RANGER_3_STM32FF7\STemWinLib\Lib\libSTemWin532_CM7_GCC.a(GUI__memset16.o)
                0x080095f0                GUI__memset16
 .text.GUI__memset
                0x0800964c       0x54 C:\Users\Nikolina\Desktop\LIGHT_RANGER_3_STM32FF7\STemWinLib\Lib\libSTemWin532_CM7_GCC.a(GUI__memset.o)
                0x0800964c                GUI__memset
 .text.GUI__SetText
                0x080096a0       0x76 C:\Users\Nikolina\Desktop\LIGHT_RANGER_3_STM32FF7\STemWinLib\Lib\libSTemWin532_CM7_GCC.a(GUI__SetText.o)
                0x080096a0                GUI__SetText
 .text.GUI__ReduceRect
                0x08009716       0x1c C:\Users\Nikolina\Desktop\LIGHT_RANGER_3_STM32FF7\STemWinLib\Lib\libSTemWin532_CM7_GCC.a(GUI__ReduceRect.o)
                0x08009716                GUI__ReduceRect
 *fill*         0x08009732        0x2 
 .text.GUI__ManageCacheEx
                0x08009734       0xe8 C:\Users\Nikolina\Desktop\LIGHT_RANGER_3_STM32FF7\STemWinLib\Lib\libSTemWin532_CM7_GCC.a(GUI__ManageCache.o)
                0x08009734                GUI__ManageCacheEx
 .text.GUI__ManageCache
                0x0800981c       0x10 C:\Users\Nikolina\Desktop\LIGHT_RANGER_3_STM32FF7\STemWinLib\Lib\libSTemWin532_CM7_GCC.a(GUI__ManageCache.o)
                0x0800981c                GUI__ManageCache
 .text.GUI__IntersectRects
                0x0800982c       0x64 C:\Users\Nikolina\Desktop\LIGHT_RANGER_3_STM32FF7\STemWinLib\Lib\libSTemWin532_CM7_GCC.a(GUI__IntersectRects.o)
                0x0800982c                GUI__IntersectRects
 .text.GUI__IntersectRect
                0x08009890       0x3c C:\Users\Nikolina\Desktop\LIGHT_RANGER_3_STM32FF7\STemWinLib\Lib\libSTemWin532_CM7_GCC.a(GUI__IntersectRect.o)
                0x08009890                GUI__IntersectRect
 .text.GUI__GetNumChars
                0x080098cc       0x1c C:\Users\Nikolina\Desktop\LIGHT_RANGER_3_STM32FF7\STemWinLib\Lib\libSTemWin532_CM7_GCC.a(GUI__GetNumChars.o)
                0x080098cc                GUI__GetNumChars
 .text._GetCursorPosX
                0x080098e8       0x20 C:\Users\Nikolina\Desktop\LIGHT_RANGER_3_STM32FF7\STemWinLib\Lib\libSTemWin532_CM7_GCC.a(GUI__GetCursorPos.o)
 .text._GetCursorCharacter
                0x08009908       0x2c C:\Users\Nikolina\Desktop\LIGHT_RANGER_3_STM32FF7\STemWinLib\Lib\libSTemWin532_CM7_GCC.a(GUI__GetCursorPos.o)
 .text._GetCursorPosChar
                0x08009934       0x42 C:\Users\Nikolina\Desktop\LIGHT_RANGER_3_STM32FF7\STemWinLib\Lib\libSTemWin532_CM7_GCC.a(GUI__GetCursorPos.o)
 *fill*         0x08009976        0x2 
 .text.GUI__GetCursorPosX
                0x08009978       0x14 C:\Users\Nikolina\Desktop\LIGHT_RANGER_3_STM32FF7\STemWinLib\Lib\libSTemWin532_CM7_GCC.a(GUI__GetCursorPos.o)
                0x08009978                GUI__GetCursorPosX
 .text.GUI__GetCursorPosChar
                0x0800998c       0x14 C:\Users\Nikolina\Desktop\LIGHT_RANGER_3_STM32FF7\STemWinLib\Lib\libSTemWin532_CM7_GCC.a(GUI__GetCursorPos.o)
                0x0800998c                GUI__GetCursorPosChar
 .text.GUI__GetCursorCharacter
                0x080099a0       0x10 C:\Users\Nikolina\Desktop\LIGHT_RANGER_3_STM32FF7\STemWinLib\Lib\libSTemWin532_CM7_GCC.a(GUI__GetCursorPos.o)
                0x080099a0                GUI__GetCursorCharacter
 .text.GUI__CalcTextRect
                0x080099b0       0x92 C:\Users\Nikolina\Desktop\LIGHT_RANGER_3_STM32FF7\STemWinLib\Lib\libSTemWin532_CM7_GCC.a(GUI__CalcTextRect.o)
                0x080099b0                GUI__CalcTextRect
 .text.GUI__MixColors
                0x08009a42       0x5e C:\Users\Nikolina\Desktop\LIGHT_RANGER_3_STM32FF7\STemWinLib\Lib\libSTemWin532_CM7_GCC.a(GUI__Alpha.o)
                0x08009a42                GUI__MixColors
 .text._OnExit  0x08009aa0       0x40 C:\Users\Nikolina\Desktop\LIGHT_RANGER_3_STM32FF7\STemWinLib\Lib\libSTemWin532_CM7_GCC.a(GUI__Alpha.o)
 .text.GUI__GetAlphaBuffer
                0x08009ae0       0xc8 C:\Users\Nikolina\Desktop\LIGHT_RANGER_3_STM32FF7\STemWinLib\Lib\libSTemWin532_CM7_GCC.a(GUI__Alpha.o)
                0x08009ae0                GUI__GetAlphaBuffer
 .text.GUI__DoAlphaBlending
                0x08009ba8      0x1cc C:\Users\Nikolina\Desktop\LIGHT_RANGER_3_STM32FF7\STemWinLib\Lib\libSTemWin532_CM7_GCC.a(GUI__Alpha.o)
                0x08009ba8                GUI__DoAlphaBlending
 .text.GUI__AllocAlphaBuffer
                0x08009d74       0x1a C:\Users\Nikolina\Desktop\LIGHT_RANGER_3_STM32FF7\STemWinLib\Lib\libSTemWin532_CM7_GCC.a(GUI__Alpha.o)
                0x08009d74                GUI__AllocAlphaBuffer
 *fill*         0x08009d8e        0x2 
 .text.GUI_SignalEvent
                0x08009d90       0x10 C:\Users\Nikolina\Desktop\LIGHT_RANGER_3_STM32FF7\STemWinLib\Lib\libSTemWin532_CM7_GCC.a(GUI_WaitEvent.o)
                0x08009d90                GUI_SignalEvent
 .text.GUI_UC_GetCharSize